Archive member included to satisfy reference by file (symbol)

C:/ST/STM32CubeIDE_1.13.2/STM32CubeIDE/plugins/com.st.stm32cube.ide.mcu.externaltools.gnu-tools-for-stm32.12.3.rel1.win32_1.0.100.202403111256/tools/bin/../lib/gcc/arm-none-eabi/12.3.1/../../../../arm-none-eabi/lib/thumb/v7e-m+fp/hard\libc_nano.a(libc_a-exit.o)
                              C:/ST/STM32CubeIDE_1.13.2/STM32CubeIDE/plugins/com.st.stm32cube.ide.mcu.externaltools.gnu-tools-for-stm32.12.3.rel1.win32_1.0.100.202403111256/tools/bin/../lib/gcc/arm-none-eabi/12.3.1/../../../../arm-none-eabi/lib/thumb/v7e-m+fp/hard/crt0.o (exit)
C:/ST/STM32CubeIDE_1.13.2/STM32CubeIDE/plugins/com.st.stm32cube.ide.mcu.externaltools.gnu-tools-for-stm32.12.3.rel1.win32_1.0.100.202403111256/tools/bin/../lib/gcc/arm-none-eabi/12.3.1/../../../../arm-none-eabi/lib/thumb/v7e-m+fp/hard\libc_nano.a(libc_a-findfp.o)
                              C:/ST/STM32CubeIDE_1.13.2/STM32CubeIDE/plugins/com.st.stm32cube.ide.mcu.externaltools.gnu-tools-for-stm32.12.3.rel1.win32_1.0.100.202403111256/tools/bin/../lib/gcc/arm-none-eabi/12.3.1/../../../../arm-none-eabi/lib/thumb/v7e-m+fp/hard\libc_nano.a(libc_a-exit.o) (__stdio_exit_handler)
C:/ST/STM32CubeIDE_1.13.2/STM32CubeIDE/plugins/com.st.stm32cube.ide.mcu.externaltools.gnu-tools-for-stm32.12.3.rel1.win32_1.0.100.202403111256/tools/bin/../lib/gcc/arm-none-eabi/12.3.1/../../../../arm-none-eabi/lib/thumb/v7e-m+fp/hard\libc_nano.a(libc_a-fwalk.o)
                              C:/ST/STM32CubeIDE_1.13.2/STM32CubeIDE/plugins/com.st.stm32cube.ide.mcu.externaltools.gnu-tools-for-stm32.12.3.rel1.win32_1.0.100.202403111256/tools/bin/../lib/gcc/arm-none-eabi/12.3.1/../../../../arm-none-eabi/lib/thumb/v7e-m+fp/hard\libc_nano.a(libc_a-findfp.o) (_fwalk_sglue)
C:/ST/STM32CubeIDE_1.13.2/STM32CubeIDE/plugins/com.st.stm32cube.ide.mcu.externaltools.gnu-tools-for-stm32.12.3.rel1.win32_1.0.100.202403111256/tools/bin/../lib/gcc/arm-none-eabi/12.3.1/../../../../arm-none-eabi/lib/thumb/v7e-m+fp/hard\libc_nano.a(libc_a-stdio.o)
                              C:/ST/STM32CubeIDE_1.13.2/STM32CubeIDE/plugins/com.st.stm32cube.ide.mcu.externaltools.gnu-tools-for-stm32.12.3.rel1.win32_1.0.100.202403111256/tools/bin/../lib/gcc/arm-none-eabi/12.3.1/../../../../arm-none-eabi/lib/thumb/v7e-m+fp/hard\libc_nano.a(libc_a-findfp.o) (__sread)
C:/ST/STM32CubeIDE_1.13.2/STM32CubeIDE/plugins/com.st.stm32cube.ide.mcu.externaltools.gnu-tools-for-stm32.12.3.rel1.win32_1.0.100.202403111256/tools/bin/../lib/gcc/arm-none-eabi/12.3.1/../../../../arm-none-eabi/lib/thumb/v7e-m+fp/hard\libc_nano.a(libc_a-memset.o)
                              C:/ST/STM32CubeIDE_1.13.2/STM32CubeIDE/plugins/com.st.stm32cube.ide.mcu.externaltools.gnu-tools-for-stm32.12.3.rel1.win32_1.0.100.202403111256/tools/bin/../lib/gcc/arm-none-eabi/12.3.1/../../../../arm-none-eabi/lib/thumb/v7e-m+fp/hard/crt0.o (memset)
C:/ST/STM32CubeIDE_1.13.2/STM32CubeIDE/plugins/com.st.stm32cube.ide.mcu.externaltools.gnu-tools-for-stm32.12.3.rel1.win32_1.0.100.202403111256/tools/bin/../lib/gcc/arm-none-eabi/12.3.1/../../../../arm-none-eabi/lib/thumb/v7e-m+fp/hard\libc_nano.a(libc_a-closer.o)
                              C:/ST/STM32CubeIDE_1.13.2/STM32CubeIDE/plugins/com.st.stm32cube.ide.mcu.externaltools.gnu-tools-for-stm32.12.3.rel1.win32_1.0.100.202403111256/tools/bin/../lib/gcc/arm-none-eabi/12.3.1/../../../../arm-none-eabi/lib/thumb/v7e-m+fp/hard\libc_nano.a(libc_a-stdio.o) (_close_r)
C:/ST/STM32CubeIDE_1.13.2/STM32CubeIDE/plugins/com.st.stm32cube.ide.mcu.externaltools.gnu-tools-for-stm32.12.3.rel1.win32_1.0.100.202403111256/tools/bin/../lib/gcc/arm-none-eabi/12.3.1/../../../../arm-none-eabi/lib/thumb/v7e-m+fp/hard\libc_nano.a(libc_a-reent.o)
                              C:/ST/STM32CubeIDE_1.13.2/STM32CubeIDE/plugins/com.st.stm32cube.ide.mcu.externaltools.gnu-tools-for-stm32.12.3.rel1.win32_1.0.100.202403111256/tools/bin/../lib/gcc/arm-none-eabi/12.3.1/../../../../arm-none-eabi/lib/thumb/v7e-m+fp/hard\libc_nano.a(libc_a-closer.o) (errno)
C:/ST/STM32CubeIDE_1.13.2/STM32CubeIDE/plugins/com.st.stm32cube.ide.mcu.externaltools.gnu-tools-for-stm32.12.3.rel1.win32_1.0.100.202403111256/tools/bin/../lib/gcc/arm-none-eabi/12.3.1/../../../../arm-none-eabi/lib/thumb/v7e-m+fp/hard\libc_nano.a(libc_a-impure.o)
                              C:/ST/STM32CubeIDE_1.13.2/STM32CubeIDE/plugins/com.st.stm32cube.ide.mcu.externaltools.gnu-tools-for-stm32.12.3.rel1.win32_1.0.100.202403111256/tools/bin/../lib/gcc/arm-none-eabi/12.3.1/../../../../arm-none-eabi/lib/thumb/v7e-m+fp/hard\libc_nano.a(libc_a-reent.o) (_impure_ptr)
C:/ST/STM32CubeIDE_1.13.2/STM32CubeIDE/plugins/com.st.stm32cube.ide.mcu.externaltools.gnu-tools-for-stm32.12.3.rel1.win32_1.0.100.202403111256/tools/bin/../lib/gcc/arm-none-eabi/12.3.1/../../../../arm-none-eabi/lib/thumb/v7e-m+fp/hard\libc_nano.a(libc_a-lseekr.o)
[...]
Memory Configuration

Name             Origin             Length             Attributes
RAM              0x20000000         0x00020000         xrw
FLASH            0x08000000         0x00080000         xr
*default*        0x00000000         0xffffffff

Linker script and memory map

LOAD C:/ST/STM32CubeIDE_1.13.2/STM32CubeIDE/plugins/com.st.stm32cube.ide.mcu.externaltools.gnu-tools-for-stm32.12.3.rel1.win32_1.0.100.202403111256/tools/bin/../lib/gcc/arm-none-eabi/12.3.1/thumb/v7e-m+fp/hard/crti.o
LOAD C:/ST/STM32CubeIDE_1.13.2/STM32CubeIDE/plugins/com.st.stm32cube.ide.mcu.externaltools.gnu-tools-for-stm32.12.3.rel1.win32_1.0.100.202403111256/tools/bin/../lib/gcc/arm-none-eabi/12.3.1/thumb/v7e-m+fp/hard/crtbegin.o
LOAD C:/ST/STM32CubeIDE_1.13.2/STM32CubeIDE/plugins/com.st.stm32cube.ide.mcu.externaltools.gnu-tools-for-stm32.12.3.rel1.win32_1.0.100.202403111256/tools/bin/../lib/gcc/arm-none-eabi/12.3.1/../../../../arm-none-eabi/lib/thumb/v7e-m+fp/hard/crt0.o
LOAD ./Core/Src/AMT.o
LOAD ./Core/Src/kall.o
LOAD ./Core/Src/main.o
LOAD ./Core/Src/maxtrix.o
LOAD ./Core/Src/stm32g4xx_hal_msp.o
LOAD ./Core/Src/stm32g4xx_it.o
LOAD ./Core/Src/syscalls.o
LOAD ./Core/Src/sysmem.o
LOAD ./Core/Src/system_stm32g4xx.o
LOAD ./Core/Startup/startup_stm32g474retx.o
LOAD ./Drivers/STM32G4xx_HAL_Driver/Src/stm32g4xx_hal.o
LOAD ./Drivers/STM32G4xx_HAL_Driver/Src/stm32g4xx_hal_cortex.o
LOAD ./Drivers/STM32G4xx_HAL_Driver/Src/stm32g4xx_hal_dma.o
LOAD ./Drivers/STM32G4xx_HAL_Driver/Src/stm32g4xx_hal_dma_ex.o
LOAD ./Drivers/STM32G4xx_HAL_Driver/Src/stm32g4xx_hal_exti.o
LOAD ./Drivers/STM32G4xx_HAL_Driver/Src/stm32g4xx_hal_flash.o
LOAD ./Drivers/STM32G4xx_HAL_Driver/Src/stm32g4xx_hal_flash_ex.o
LOAD ./Drivers/STM32G4xx_HAL_Driver/Src/stm32g4xx_hal_flash_ramfunc.o
LOAD ./Drivers/STM32G4xx_HAL_Driver/Src/stm32g4xx_hal_gpio.o
LOAD ./Drivers/STM32G4xx_HAL_Driver/Src/stm32g4xx_hal_pwr.o
LOAD ./Drivers/STM32G4xx_HAL_Driver/Src/stm32g4xx_hal_pwr_ex.o
LOAD ./Drivers/STM32G4xx_HAL_Driver/Src/stm32g4xx_hal_rcc.o
LOAD ./Drivers/STM32G4xx_HAL_Driver/Src/stm32g4xx_hal_rcc_ex.o
LOAD ./Drivers/STM32G4xx_HAL_Driver/Src/stm32g4xx_hal_tim.o
LOAD ./Drivers/STM32G4xx_HAL_Driver/Src/stm32g4xx_hal_tim_ex.o
LOAD ./Drivers/STM32G4xx_HAL_Driver/Src/stm32g4xx_hal_uart.o
LOAD ./Drivers/STM32G4xx_HAL_Driver/Src/stm32g4xx_hal_uart_ex.o
START GROUP
LOAD C:/ST/STM32CubeIDE_1.13.2/STM32CubeIDE/plugins/com.st.stm32cube.ide.mcu.externaltools.gnu-tools-for-stm32.12.3.rel1.win32_1.0.100.202403111256/tools/bin/../lib/gcc/arm-none-eabi/12.3.1/../../../../arm-none-eabi/lib/thumb/v7e-m+fp/hard\libc_nano.a
LOAD C:/ST/STM32CubeIDE_1.13.2/STM32CubeIDE/plugins/com.st.stm32cube.ide.mcu.externaltools.gnu-tools-for-stm32.12.3.rel1.win32_1.0.100.202403111256/tools/bin/../lib/gcc/arm-none-eabi/12.3.1/../../../../arm-none-eabi/lib/thumb/v7e-m+fp/hard\libm.a
END GROUP
START GROUP
LOAD C:/ST/STM32CubeIDE_1.13.2/STM32CubeIDE/plugins/com.st.stm32cube.ide.mcu.externaltools.gnu-tools-for-stm32.12.3.rel1.win32_1.0.100.202403111256/tools/bin/../lib/gcc/arm-none-eabi/12.3.1/thumb/v7e-m+fp/hard\libgcc.a
LOAD C:/ST/STM32CubeIDE_1.13.2/STM32CubeIDE/plugins/com.st.stm32cube.ide.mcu.externaltools.gnu-tools-for-stm32.12.3.rel1.win32_1.0.100.202403111256/tools/bin/../lib/gcc/arm-none-eabi/12.3.1/../../../../arm-none-eabi/lib/thumb/v7e-m+fp/hard\libc_nano.a
END GROUP
START GROUP
LOAD C:/ST/STM32CubeIDE_1.13.2/STM32CubeIDE/plugins/com.st.stm32cube.ide.mcu.externaltools.gnu-tools-for-stm32.12.3.rel1.win32_1.0.100.202403111256/tools/bin/../lib/gcc/arm-none-eabi/12.3.1/thumb/v7e-m+fp/hard\libgcc.a
LOAD C:/ST/STM32CubeIDE_1.13.2/STM32CubeIDE/plugins/com.st.stm32cube.ide.mcu.externaltools.gnu-tools-for-stm32.12.3.rel1.win32_1.0.100.202403111256/tools/bin/../lib/gcc/arm-none-eabi/12.3.1/../../../../arm-none-eabi/lib/thumb/v7e-m+fp/hard\libc_nano.a
LOAD C:/ST/STM32CubeIDE_1.13.2/STM32CubeIDE/plugins/com.st.stm32cube.ide.mcu.externaltools.gnu-tools-for-stm32.12.3.rel1.win32_1.0.100.202403111256/tools/bin/../lib/gcc/arm-none-eabi/12.3.1/../../../../arm-none-eabi/lib/thumb/v7e-m+fp/hard\libnosys.a
END GROUP
START GROUP
LOAD C:/ST/STM32CubeIDE_1.13.2/STM32CubeIDE/plugins/com.st.stm32cube.ide.mcu.externaltools.gnu-tools-for-stm32.12.3.rel1.win32_1.0.100.202403111256/tools/bin/../lib/gcc/arm-none-eabi/12.3.1/thumb/v7e-m+fp/hard\libgcc.a
LOAD C:/ST/STM32CubeIDE_1.13.2/STM32CubeIDE/plugins/com.st.stm32cube.ide.mcu.externaltools.gnu-tools-for-stm32.12.3.rel1.win32_1.0.100.202403111256/tools/bin/../lib/gcc/arm-none-eabi/12.3.1/../../../../arm-none-eabi/lib/thumb/v7e-m+fp/hard\libc_nano.a
LOAD C:/ST/STM32CubeIDE_1.13.2/STM32CubeIDE/plugins/com.st.stm32cube.ide.mcu.externaltools.gnu-tools-for-stm32.12.3.rel1.win32_1.0.100.202403111256/tools/bin/../lib/gcc/arm-none-eabi/12.3.1/../../../../arm-none-eabi/lib/thumb/v7e-m+fp/hard\libnosys.a
END GROUP
LOAD C:/ST/STM32CubeIDE_1.13.2/STM32CubeIDE/plugins/com.st.stm32cube.ide.mcu.externaltools.gnu-tools-for-stm32.12.3.rel1.win32_1.0.100.202403111256/tools/bin/../lib/gcc/arm-none-eabi/12.3.1/thumb/v7e-m+fp/hard/crtend.o
LOAD C:/ST/STM32CubeIDE_1.13.2/STM32CubeIDE/plugins/com.st.stm32cube.ide.mcu.externaltools.gnu-tools-for-stm32.12.3.rel1.win32_1.0.100.202403111256/tools/bin/../lib/gcc/arm-none-eabi/12.3.1/thumb/v7e-m+fp/hard/crtn.o
                0x20020000                        _estack = (ORIGIN (RAM) + LENGTH (RAM))
                0x00000200                        _Min_Heap_Size = 0x200
                0x00000400                        _Min_Stack_Size = 0x400

.isr_vector     0x08000000      0x1d8
                0x08000000                        . = ALIGN (0x4)
 *(.isr_vector)
 .isr_vector    0x08000000      0x1d8 ./Core/Startup/startup_stm32g474retx.o
                0x08000000                g_pfnVectors
                0x080001d8                        . = ALIGN (0x4)

.text           0x080001d8     0x68cc
                0x080001d8                        . = ALIGN (0x4)
 *(.text)
 .text          0x080001d8       0x40 C:/ST/STM32CubeIDE_1.13.2/STM32CubeIDE/plugins/com.st.stm32cube.ide.mcu.externaltools.gnu-tools-for-stm32.12.3.rel1.win32_1.0.100.202403111256/tools/bin/../lib/gcc/arm-none-eabi/12.3.1/thumb/v7e-m+fp/hard/crtbegin.o
 .text          0x08000218      0x378 C:/ST/STM32CubeIDE_1.13.2/STM32CubeIDE/plugins/com.st.stm32cube.ide.mcu.externaltools.gnu-tools-for-stm32.12.3.rel1.win32_1.0.100.202403111256/tools/bin/../lib/gcc/arm-none-eabi/12.3.1/thumb/v7e-m+fp/hard\libgcc.a(_arm_addsubdf3.o)
                0x08000218                __aeabi_drsub
                0x08000220                __aeabi_dsub
                0x08000220                __subdf3
                0x08000224                __aeabi_dadd
                0x08000224                __adddf3
                0x0800049c                __floatunsidf
                0x0800049c                __aeabi_ui2d
                0x080004bc                __floatsidf
                0x080004bc                __aeabi_i2d
                0x080004e0                __aeabi_f2d
                0x080004e0                __extendsfdf2
                0x08000524                __floatundidf
                0x08000524                __aeabi_ul2d
                0x08000534                __floatdidf
                0x08000534                __aeabi_l2d
 .text          0x08000590      0x424 C:/ST/STM32CubeIDE_1.13.2/STM32CubeIDE/plugins/com.st.stm32cube.ide.mcu.externaltools.gnu-tools-for-stm32.12.3.rel1.win32_1.0.100.202403111256/tools/bin/../lib/gcc/arm-none-eabi/12.3.1/thumb/v7e-m+fp/hard\libgcc.a(_arm_muldivdf3.o)
                0x08000590                __aeabi_dmul
                0x08000590                __muldf3
                0x080007e4                __divdf3
                0x080007e4                __aeabi_ddiv
 .text          0x080009b4      0x110 C:/ST/STM32CubeIDE_1.13.2/STM32CubeIDE/plugins/com.st.stm32cube.ide.mcu.externaltools.gnu-tools-for-stm32.12.3.rel1.win32_1.0.100.202403111256/tools/bin/../lib/gcc/arm-none-eabi/12.3.1/thumb/v7e-m+fp/hard\libgcc.a(_arm_cmpdf2.o)
                0x080009b4                __gtdf2
                0x080009b4                __gedf2
                0x080009bc                __ltdf2
                0x080009bc                __ledf2
                0x080009c4                __nedf2
                0x080009c4                __eqdf2
                0x080009c4                __cmpdf2
                0x08000a40                __aeabi_cdrcmple
                0x08000a50                __aeabi_cdcmpeq
                0x08000a50                __aeabi_cdcmple
                0x08000a60                __aeabi_dcmpeq
                0x08000a74                __aeabi_dcmplt
                0x08000a88                __aeabi_dcmple
                0x08000a9c                __aeabi_dcmpge
                0x08000ab0                __aeabi_dcmpgt
 .text          0x08000ac4       0x2c C:/ST/STM32CubeIDE_1.13.2/STM32CubeIDE/plugins/com.st.stm32cube.ide.mcu.externaltools.gnu-tools-for-stm32.12.3.rel1.win32_1.0.100.202403111256/tools/bin/../lib/gcc/arm-none-eabi/12.3.1/thumb/v7e-m+fp/hard\libgcc.a(_arm_unorddf2.o)
                0x08000ac4                __unorddf2
                0x08000ac4                __aeabi_dcmpun
 .text          0x08000af0       0xa0 C:/ST/STM32CubeIDE_1.13.2/STM32CubeIDE/plugins/com.st.stm32cube.ide.mcu.externaltools.gnu-tools-for-stm32.12.3.rel1.win32_1.0.100.202403111256/tools/bin/../lib/gcc/arm-none-eabi/12.3.1/thumb/v7e-m+fp/hard\libgcc.a(_arm_truncdfsf2.o)
                0x08000af0                __truncdfsf2
                0x08000af0                __aeabi_d2f
 .text          0x08000b90      0x21c C:/ST/STM32CubeIDE_1.13.2/STM32CubeIDE/plugins/com.st.stm32cube.ide.mcu.externaltools.gnu-tools-for-stm32.12.3.rel1.win32_1.0.100.202403111256/tools/bin/../lib/gcc/arm-none-eabi/12.3.1/thumb/v7e-m+fp/hard\libgcc.a(_arm_addsubsf3.o)
                0x08000b90                __aeabi_frsub
                0x08000b98                __subsf3
                0x08000b98                __aeabi_fsub
                0x08000b9c                __aeabi_fadd
                0x08000b9c                __addsf3
                0x08000cfc                __aeabi_ui2f
                0x08000cfc                __floatunsisf
                0x08000d04                __aeabi_i2f
                0x08000d04                __floatsisf
                0x08000d20                __aeabi_ul2f
                0x08000d20                __floatundisf
                0x08000d30                __aeabi_l2f
                0x08000d30                __floatdisf
 .text          0x08000dac       0x30 C:/ST/STM32CubeIDE_1.13.2/STM32CubeIDE/plugins/com.st.stm32cube.ide.mcu.externaltools.gnu-tools-for-stm32.12.3.rel1.win32_1.0.100.202403111256/tools/bin/../lib/gcc/arm-none-eabi/12.3.1/thumb/v7e-m+fp/hard\libgcc.a(_aeabi_uldivmod.o)
                0x08000dac                __aeabi_uldivmod
 .text          0x08000ddc      0x2bc C:/ST/STM32CubeIDE_1.13.2/STM32CubeIDE/plugins/com.st.stm32cube.ide.mcu.externaltools.gnu-tools-for-stm32.12.3.rel1.win32_1.0.100.202403111256/tools/bin/../lib/gcc/arm-none-eabi/12.3.1/thumb/v7e-m+fp/hard\libgcc.a(_udivmoddi4.o)
                0x08000ddc                __udivmoddi4
 .text          0x08001098        0x4 C:/ST/STM32CubeIDE_1.13.2/STM32CubeIDE/plugins/com.st.stm32cube.ide.mcu.externaltools.gnu-tools-for-stm32.12.3.rel1.win32_1.0.100.202403111256/tools/bin/../lib/gcc/arm-none-eabi/12.3.1/thumb/v7e-m+fp/hard\libgcc.a(_dvmd_tls.o)
                0x08001098                __aeabi_idiv0
                0x08001098                __aeabi_ldiv0
 *(.text*)
 .text.AMT_encoder_init
                0x0800109c       0x30 ./Core/Src/AMT.o
                0x0800109c                AMT_encoder_init
 *fill*         0x080010cc        0x4 
 .text.AMT_encoder_update
                0x080010d0      0x1cc ./Core/Src/AMT.o
                0x080010d0                AMT_encoder_update
 .text.KalmanFilter_Init
                0x0800129c      0x3f8 ./Core/Src/kall.o
                0x0800129c                KalmanFilter_Init
 .text.Do_Innovation_Covariance
                0x08001694       0xbc ./Core/Src/kall.o
                0x08001694                Do_Innovation_Covariance
 .text.Do_Optimal_Kalman_Gain
                0x08001750       0x78 ./Core/Src/kall.o
                0x08001750                Do_Optimal_Kalman_Gain
 .text.Do_Error_Y
                0x080017c8       0x48 ./Core/Src/kall.o
                0x080017c8                Do_Error_Y
 .text.Do_Correct_X
                0x08001810       0x48 ./Core/Src/kall.o
                0x08001810                Do_Correct_X
 .text.Do_Correct_P
                0x08001858       0x98 ./Core/Src/kall.o
                0x08001858                Do_Correct_P
 .text.Do_Predict_X
                0x080018f0      0x100 ./Core/Src/kall.o
                0x080018f0                Do_Predict_X
 .text.Do_Predict_P
                0x080019f0      0x166 ./Core/Src/kall.o
                0x080019f0                Do_Predict_P
 .text.Do_Result
                0x08001b56       0x70 ./Core/Src/kall.o
                0x08001b56                Do_Result
 .text.Run_KalmanFilter
                0x08001bc6       0x68 ./Core/Src/kall.o
                0x08001bc6                Run_KalmanFilter
 .text.Compute  0x08001c2e      0x152 ./Core/Src/kall.o
                0x08001c2e                Compute
 .text.main     0x08001d80       0xdc ./Core/Src/main.o
                0x08001d80                main
 .text.SystemClock_Config
                0x08001e5c       0x96 ./Core/Src/main.o
                0x08001e5c                SystemClock_Config
 *fill*         0x08001ef2        0x2 
 .text.MX_LPUART1_UART_Init
                0x08001ef4       0x94 ./Core/Src/main.o
 .text.MX_TIM2_Init
                0x08001f88       0xa8 ./Core/Src/main.o
 .text.MX_TIM5_Init
                0x08002030       0x9c ./Core/Src/main.o
 .text.MX_GPIO_Init
                0x080020cc       0xdc ./Core/Src/main.o
 .text.micros   0x080021a8       0x34 ./Core/Src/main.o
                0x080021a8                micros
 .text.Error_Handler
                0x080021dc        0xc ./Core/Src/main.o
                0x080021dc                Error_Handler
 .text.matrix_init
                0x080021e8       0x7e ./Core/Src/maxtrix.o
                0x080021e8                matrix_init
 .text.matrix_update
                0x08002266       0x78 ./Core/Src/maxtrix.o
                0x08002266                matrix_update
 .text.matrix_plus
                0x080022de       0x9e ./Core/Src/maxtrix.o
                0x080022de                matrix_plus
 .text.matrix_minus
                0x0800237c       0x9e ./Core/Src/maxtrix.o
                0x0800237c                matrix_minus
 .text.matrix_multiply
                0x0800241a       0xc6 ./Core/Src/maxtrix.o
                0x0800241a                matrix_multiply
 .text.matrix_gain
                0x080024e0       0x90 ./Core/Src/maxtrix.o
                0x080024e0                matrix_gain
 .text.matrix_transpose
                0x08002570       0x80 ./Core/Src/maxtrix.o
                0x08002570                matrix_transpose
 .text.matrix_determinant
                0x080025f0      0x144 ./Core/Src/maxtrix.o
                0x080025f0                matrix_determinant
 *fill*         0x08002734        0x4 
 .text.matrix_inverse
                0x08002738      0x294 ./Core/Src/maxtrix.o
                0x08002738                matrix_inverse
 .text.HAL_MspInit
                0x080029cc       0x48 ./Core/Src/stm32g4xx_hal_msp.o
                0x080029cc                HAL_MspInit
 .text.HAL_UART_MspInit
                0x08002a14       0xb0 ./Core/Src/stm32g4xx_hal_msp.o
                0x08002a14                HAL_UART_MspInit
 .text.HAL_TIM_Encoder_MspInit
                0x08002ac4       0x80 ./Core/Src/stm32g4xx_hal_msp.o
                0x08002ac4                HAL_TIM_Encoder_MspInit
 .text.HAL_TIM_Base_MspInit
                0x08002b44       0x40 ./Core/Src/stm32g4xx_hal_msp.o
                0x08002b44                HAL_TIM_Base_MspInit
 .text.NMI_Handler
                0x08002b84        0x8 ./Core/Src/stm32g4xx_it.o
                0x08002b84                NMI_Handler
 .text.HardFault_Handler
                0x08002b8c        0x8 ./Core/Src/stm32g4xx_it.o
                0x08002b8c                HardFault_Handler
 .text.MemManage_Handler
                0x08002b94        0x8 ./Core/Src/stm32g4xx_it.o
                0x08002b94                MemManage_Handler
 .text.BusFault_Handler
                0x08002b9c        0x8 ./Core/Src/stm32g4xx_it.o
                0x08002b9c                BusFault_Handler
 .text.UsageFault_Handler
                0x08002ba4        0x8 ./Core/Src/stm32g4xx_it.o
                0x08002ba4                UsageFault_Handler
 .text.SVC_Handler
                0x08002bac        0xe ./Core/Src/stm32g4xx_it.o
                0x08002bac                SVC_Handler
 .text.DebugMon_Handler
                0x08002bba        0xe ./Core/Src/stm32g4xx_it.o
                0x08002bba                DebugMon_Handler
 .text.PendSV_Handler
                0x08002bc8        0xe ./Core/Src/stm32g4xx_it.o
                0x08002bc8                PendSV_Handler
 .text.SysTick_Handler
                0x08002bd6        0xc ./Core/Src/stm32g4xx_it.o
                0x08002bd6                SysTick_Handler
 .text.EXTI15_10_IRQHandler
                0x08002be2       0x10 ./Core/Src/stm32g4xx_it.o
                0x08002be2                EXTI15_10_IRQHandler
 *fill*         0x08002bf2        0x2 
 .text.SystemInit
                0x08002bf4       0x24 ./Core/Src/system_stm32g4xx.o
                0x08002bf4                SystemInit
 .text.Reset_Handler
                0x08002c18       0x50 ./Core/Startup/startup_stm32g474retx.o
                0x08002c18                Reset_Handler
 .text.Default_Handler
                0x08002c68        0x2 ./Core/Startup/startup_stm32g474retx.o
                0x08002c68                RTC_Alarm_IRQHandler
                0x08002c68                EXTI2_IRQHandler
                0x08002c68                TIM8_TRG_COM_IRQHandler
                0x08002c68                TIM8_CC_IRQHandler
                0x08002c68                HRTIM1_Master_IRQHandler
                0x08002c68                SPI4_IRQHandler
                0x08002c68                FDCAN3_IT0_IRQHandler
                0x08002c68                TIM1_CC_IRQHandler
                0x08002c68                HRTIM1_FLT_IRQHandler
                0x08002c68                HRTIM1_TIMF_IRQHandler
                0x08002c68                USB_HP_IRQHandler
                0x08002c68                CORDIC_IRQHandler
                0x08002c68                HRTIM1_TIMD_IRQHandler
                0x08002c68                DMA2_Channel8_IRQHandler
                0x08002c68                EXTI3_IRQHandler
                0x08002c68                I2C3_ER_IRQHandler
                0x08002c68                EXTI0_IRQHandler
                0x08002c68                I2C2_EV_IRQHandler
                0x08002c68                FPU_IRQHandler
                0x08002c68                FDCAN1_IT1_IRQHandler
                0x08002c68                TIM1_UP_TIM16_IRQHandler
                0x08002c68                ADC1_2_IRQHandler
                0x08002c68                HRTIM1_TIME_IRQHandler
                0x08002c68                SPI1_IRQHandler
                0x08002c68                TIM6_DAC_IRQHandler
                0x08002c68                HRTIM1_TIMC_IRQHandler
                0x08002c68                TIM8_UP_IRQHandler
                0x08002c68                DMA2_Channel2_IRQHandler
                0x08002c68                DMA1_Channel4_IRQHandler
                0x08002c68                TIM20_TRG_COM_IRQHandler
                0x08002c68                USART3_IRQHandler
                0x08002c68                DMA1_Channel7_IRQHandler
                0x08002c68                UART5_IRQHandler
                0x08002c68                ADC3_IRQHandler
                0x08002c68                TIM4_IRQHandler
                0x08002c68                DMA2_Channel1_IRQHandler
                0x08002c68                QUADSPI_IRQHandler
                0x08002c68                I2C1_EV_IRQHandler
                0x08002c68                DMA1_Channel6_IRQHandler
                0x08002c68                UART4_IRQHandler
                0x08002c68                DMA2_Channel4_IRQHandler
                0x08002c68                TIM3_IRQHandler
                0x08002c68                RCC_IRQHandler
                0x08002c68                TIM20_UP_IRQHandler
                0x08002c68                DMA1_Channel1_IRQHandler
                0x08002c68                Default_Handler
                0x08002c68                DMA2_Channel7_IRQHandler
                0x08002c68                RTC_TAMP_LSECSS_IRQHandler
                0x08002c68                FMAC_IRQHandler
                0x08002c68                DMA1_Channel8_IRQHandler
                0x08002c68                HRTIM1_TIMA_IRQHandler
                0x08002c68                TIM7_DAC_IRQHandler
                0x08002c68                FDCAN3_IT1_IRQHandler
                0x08002c68                TIM5_IRQHandler
                0x08002c68                UCPD1_IRQHandler
                0x08002c68                I2C3_EV_IRQHandler
                0x08002c68                EXTI9_5_IRQHandler
                0x08002c68                RTC_WKUP_IRQHandler
                0x08002c68                PVD_PVM_IRQHandler
                0x08002c68                SPI2_IRQHandler
                0x08002c68                ADC5_IRQHandler
                0x08002c68                DMA2_Channel5_IRQHandler
                0x08002c68                CRS_IRQHandler
                0x08002c68                DMA1_Channel5_IRQHandler
                0x08002c68                USB_LP_IRQHandler
                0x08002c68                EXTI4_IRQHandler
                0x08002c68                RNG_IRQHandler
                0x08002c68                HRTIM1_TIMB_IRQHandler
                0x08002c68                TIM1_TRG_COM_TIM17_IRQHandler
                0x08002c68                FDCAN2_IT1_IRQHandler
                0x08002c68                DMA1_Channel3_IRQHandler
                0x08002c68                ADC4_IRQHandler
                0x08002c68                WWDG_IRQHandler
                0x08002c68                I2C4_EV_IRQHandler
                0x08002c68                FDCAN2_IT0_IRQHandler
                0x08002c68                LPUART1_IRQHandler
                0x08002c68                DMA2_Channel6_IRQHandler
                0x08002c68                FDCAN1_IT0_IRQHandler
                0x08002c68                TIM2_IRQHandler
                0x08002c68                COMP7_IRQHandler
                0x08002c68                COMP1_2_3_IRQHandler
                0x08002c68                EXTI1_IRQHandler
                0x08002c68                USART2_IRQHandler
                0x08002c68                COMP4_5_6_IRQHandler
                0x08002c68                TIM20_BRK_IRQHandler
                0x08002c68                I2C2_ER_IRQHandler
                0x08002c68                DMA1_Channel2_IRQHandler
                0x08002c68                TIM8_BRK_IRQHandler
                0x08002c68                FLASH_IRQHandler
                0x08002c68                TIM20_CC_IRQHandler
                0x08002c68                USART1_IRQHandler
                0x08002c68                SPI3_IRQHandler
                0x08002c68                I2C1_ER_IRQHandler
                0x08002c68                FMC_IRQHandler
                0x08002c68                LPTIM1_IRQHandler
                0x08002c68                DMAMUX_OVR_IRQHandler
                0x08002c68                I2C4_ER_IRQHandler
                0x08002c68                USBWakeUp_IRQHandler
                0x08002c68                SAI1_IRQHandler
                0x08002c68                DMA2_Channel3_IRQHandler
                0x08002c68                TIM1_BRK_TIM15_IRQHandler
 .text.HAL_Init
                0x08002c6a       0x30 ./Drivers/STM32G4xx_HAL_Driver/Src/stm32g4xx_hal.o
                0x08002c6a                HAL_Init
 *fill*         0x08002c9a        0x2 
 .text.HAL_InitTick
                0x08002c9c       0x74 ./Drivers/STM32G4xx_HAL_Driver/Src/stm32g4xx_hal.o
                0x08002c9c                HAL_InitTick
 .text.HAL_IncTick
                0x08002d10       0x24 ./Drivers/STM32G4xx_HAL_Driver/Src/stm32g4xx_hal.o
                0x08002d10                HAL_IncTick
 .text.HAL_GetTick
                0x08002d34       0x18 ./Drivers/STM32G4xx_HAL_Driver/Src/stm32g4xx_hal.o
                0x08002d34                HAL_GetTick
 .text.__NVIC_SetPriorityGrouping
                0x08002d4c       0x48 ./Drivers/STM32G4xx_HAL_Driver/Src/stm32g4xx_hal_cortex.o
 .text.__NVIC_GetPriorityGrouping
                0x08002d94       0x1c ./Drivers/STM32G4xx_HAL_Driver/Src/stm32g4xx_hal_cortex.o
 .text.__NVIC_EnableIRQ
                0x08002db0       0x3c ./Drivers/STM32G4xx_HAL_Driver/Src/stm32g4xx_hal_cortex.o
 .text.__NVIC_SetPriority
                0x08002dec       0x54 ./Drivers/STM32G4xx_HAL_Driver/Src/stm32g4xx_hal_cortex.o
 .text.NVIC_EncodePriority
                0x08002e40       0x66 ./Drivers/STM32G4xx_HAL_Driver/Src/stm32g4xx_hal_cortex.o
 *fill*         0x08002ea6        0x2 
 .text.SysTick_Config
                0x08002ea8       0x44 ./Drivers/STM32G4xx_HAL_Driver/Src/stm32g4xx_hal_cortex.o
 .text.HAL_NVIC_SetPriorityGrouping
                0x08002eec       0x16 ./Drivers/STM32G4xx_HAL_Driver/Src/stm32g4xx_hal_cortex.o
                0x08002eec                HAL_NVIC_SetPriorityGrouping
 .text.HAL_NVIC_SetPriority
                0x08002f02       0x34 ./Drivers/STM32G4xx_HAL_Driver/Src/stm32g4xx_hal_cortex.o
                0x08002f02                HAL_NVIC_SetPriority
 .text.HAL_NVIC_EnableIRQ
                0x08002f36       0x1c ./Drivers/STM32G4xx_HAL_Driver/Src/stm32g4xx_hal_cortex.o
                0x08002f36                HAL_NVIC_EnableIRQ
 .text.HAL_SYSTICK_Config
                0x08002f52       0x18 ./Drivers/STM32G4xx_HAL_Driver/Src/stm32g4xx_hal_cortex.o
                0x08002f52                HAL_SYSTICK_Config
 *fill*         0x08002f6a        0x2 
 .text.HAL_GPIO_Init
                0x08002f6c      0x304 ./Drivers/STM32G4xx_HAL_Driver/Src/stm32g4xx_hal_gpio.o
                0x08002f6c                HAL_GPIO_Init
 .text.HAL_GPIO_WritePin
                0x08003270       0x30 ./Drivers/STM32G4xx_HAL_Driver/Src/stm32g4xx_hal_gpio.o
                0x08003270                HAL_GPIO_WritePin
 .text.HAL_GPIO_EXTI_IRQHandler
                0x080032a0       0x30 ./Drivers/STM32G4xx_HAL_Driver/Src/stm32g4xx_hal_gpio.o
                0x080032a0                HAL_GPIO_EXTI_IRQHandler
 .text.HAL_GPIO_EXTI_Callback
                0x080032d0       0x16 ./Drivers/STM32G4xx_HAL_Driver/Src/stm32g4xx_hal_gpio.o
                0x080032d0                HAL_GPIO_EXTI_Callback
 *fill*         0x080032e6        0x2 
 .text.HAL_PWREx_ControlVoltageScaling
                0x080032e8      0x148 ./Drivers/STM32G4xx_HAL_Driver/Src/stm32g4xx_hal_pwr_ex.o
                0x080032e8                HAL_PWREx_ControlVoltageScaling
 .text.HAL_PWREx_DisableUCPDDeadBattery
                0x08003430       0x20 ./Drivers/STM32G4xx_HAL_Driver/Src/stm32g4xx_hal_pwr_ex.o
                0x08003430                HAL_PWREx_DisableUCPDDeadBattery
 .text.HAL_RCC_OscConfig
                0x08003450      0x624 ./Drivers/STM32G4xx_HAL_Driver/Src/stm32g4xx_hal_rcc.o
                0x08003450                HAL_RCC_OscConfig
 .text.HAL_RCC_ClockConfig
                0x08003a74      0x278 ./Drivers/STM32G4xx_HAL_Driver/Src/stm32g4xx_hal_rcc.o
                0x08003a74                HAL_RCC_ClockConfig
 .text.HAL_RCC_GetSysClockFreq
                0x08003cec       0xc4 ./Drivers/STM32G4xx_HAL_Driver/Src/stm32g4xx_hal_rcc.o
                0x08003cec                HAL_RCC_GetSysClockFreq
 .text.HAL_RCC_GetHCLKFreq
                0x08003db0       0x18 ./Drivers/STM32G4xx_HAL_Driver/Src/stm32g4xx_hal_rcc.o
                0x08003db0                HAL_RCC_GetHCLKFreq
 .text.HAL_RCC_GetPCLK1Freq
                0x08003dc8       0x2c ./Drivers/STM32G4xx_HAL_Driver/Src/stm32g4xx_hal_rcc.o
                0x08003dc8                HAL_RCC_GetPCLK1Freq
 .text.HAL_RCC_GetPCLK2Freq
                0x08003df4       0x2c ./Drivers/STM32G4xx_HAL_Driver/Src/stm32g4xx_hal_rcc.o
                0x08003df4                HAL_RCC_GetPCLK2Freq
 .text.RCC_GetSysClockFreqFromPLLSource
                0x08003e20       0x8c ./Drivers/STM32G4xx_HAL_Driver/Src/stm32g4xx_hal_rcc.o
 .text.HAL_RCCEx_PeriphCLKConfig
                0x08003eac      0x49c ./Drivers/STM32G4xx_HAL_Driver/Src/stm32g4xx_hal_rcc_ex.o
                0x08003eac                HAL_RCCEx_PeriphCLKConfig
 .text.HAL_TIM_Base_Init
                0x08004348       0xae ./Drivers/STM32G4xx_HAL_Driver/Src/stm32g4xx_hal_tim.o
                0x08004348                HAL_TIM_Base_Init
 *fill*         0x080043f6        0x2 
 .text.HAL_TIM_Base_Start
                0x080043f8       0xe0 ./Drivers/STM32G4xx_HAL_Driver/Src/stm32g4xx_hal_tim.o
                0x080043f8                HAL_TIM_Base_Start
 .text.HAL_TIM_Base_Start_IT
                0x080044d8       0xf0 ./Drivers/STM32G4xx_HAL_Driver/Src/stm32g4xx_hal_tim.o
                0x080044d8                HAL_TIM_Base_Start_IT
 .text.HAL_TIM_Encoder_Init
                0x080045c8      0x14c ./Drivers/STM32G4xx_HAL_Driver/Src/stm32g4xx_hal_tim.o
                0x080045c8                HAL_TIM_Encoder_Init
 .text.HAL_TIM_Encoder_Start
                0x08004714      0x11c ./Drivers/STM32G4xx_HAL_Driver/Src/stm32g4xx_hal_tim.o
                0x08004714                HAL_TIM_Encoder_Start
 .text.HAL_TIM_ConfigClockSource
                0x08004830      0x22c ./Drivers/STM32G4xx_HAL_Driver/Src/stm32g4xx_hal_tim.o
                0x08004830                HAL_TIM_ConfigClockSource
 .text.TIM_Base_SetConfig
                0x08004a5c      0x168 ./Drivers/STM32G4xx_HAL_Driver/Src/stm32g4xx_hal_tim.o
                0x08004a5c                TIM_Base_SetConfig
 .text.TIM_TI1_ConfigInputStage
                0x08004bc4       0x5e ./Drivers/STM32G4xx_HAL_Driver/Src/stm32g4xx_hal_tim.o
 .text.TIM_TI2_ConfigInputStage
                0x08004c22       0x60 ./Drivers/STM32G4xx_HAL_Driver/Src/stm32g4xx_hal_tim.o
 .text.TIM_ITRx_SetConfig
                0x08004c82       0x3a ./Drivers/STM32G4xx_HAL_Driver/Src/stm32g4xx_hal_tim.o
 .text.TIM_ETR_SetConfig
                0x08004cbc       0x40 ./Drivers/STM32G4xx_HAL_Driver/Src/stm32g4xx_hal_tim.o
                0x08004cbc                TIM_ETR_SetConfig
 .text.TIM_CCxChannelCmd
                0x08004cfc       0x4a ./Drivers/STM32G4xx_HAL_Driver/Src/stm32g4xx_hal_tim.o
                0x08004cfc                TIM_CCxChannelCmd
 *fill*         0x08004d46        0x2 
 .text.HAL_TIMEx_MasterConfigSynchronization
                0x08004d48      0x12c ./Drivers/STM32G4xx_HAL_Driver/Src/stm32g4xx_hal_tim_ex.o
                0x08004d48                HAL_TIMEx_MasterConfigSynchronization
 .text.HAL_UART_Init
                0x08004e74       0xa0 ./Drivers/STM32G4xx_HAL_Driver/Src/stm32g4xx_hal_uart.o
                0x08004e74                HAL_UART_Init
 .text.UART_SetConfig
                0x08004f14      0x5f8 ./Drivers/STM32G4xx_HAL_Driver/Src/stm32g4xx_hal_uart.o
                0x08004f14                UART_SetConfig
 .text.UART_AdvFeatureConfig
                0x0800550c      0x144 ./Drivers/STM32G4xx_HAL_Driver/Src/stm32g4xx_hal_uart.o
                0x0800550c                UART_AdvFeatureConfig
 .text.UART_CheckIdleState
                0x08005650      0x154 ./Drivers/STM32G4xx_HAL_Driver/Src/stm32g4xx_hal_uart.o
                0x08005650                UART_CheckIdleState
 .text.UART_WaitOnFlagUntilTimeout
                0x080057a4       0xda ./Drivers/STM32G4xx_HAL_Driver/Src/stm32g4xx_hal_uart.o
                0x080057a4                UART_WaitOnFlagUntilTimeout
 .text.UART_EndRxTransfer
                0x0800587e       0xcc ./Drivers/STM32G4xx_HAL_Driver/Src/stm32g4xx_hal_uart.o
 .text.HAL_UARTEx_DisableFifoMode
                0x0800594a       0x72 ./Drivers/STM32G4xx_HAL_Driver/Src/stm32g4xx_hal_uart_ex.o
                0x0800594a                HAL_UARTEx_DisableFifoMode
 .text.HAL_UARTEx_SetTxFifoThreshold
                0x080059bc       0x7c ./Drivers/STM32G4xx_HAL_Driver/Src/stm32g4xx_hal_uart_ex.o
                0x080059bc                HAL_UARTEx_SetTxFifoThreshold
 .text.HAL_UARTEx_SetRxFifoThreshold
                0x08005a38       0x7c ./Drivers/STM32G4xx_HAL_Driver/Src/stm32g4xx_hal_uart_ex.o
                0x08005a38                HAL_UARTEx_SetRxFifoThreshold
 .text.UARTEx_SetNbDataToProcess
                0x08005ab4       0x9c ./Drivers/STM32G4xx_HAL_Driver/Src/stm32g4xx_hal_uart_ex.o
 .text.memset   0x08005b50       0x10 C:/ST/STM32CubeIDE_1.13.2/STM32CubeIDE/plugins/com.st.stm32cube.ide.mcu.externaltools.gnu-tools-for-stm32.12.3.rel1.win32_1.0.100.202403111256/tools/bin/../lib/gcc/arm-none-eabi/12.3.1/../../../../arm-none-eabi/lib/thumb/v7e-m+fp/hard\libc_nano.a(libc_a-memset.o)
                0x08005b50                memset
 .text.__errno  0x08005b60        0xc C:/ST/STM32CubeIDE_1.13.2/STM32CubeIDE/plugins/com.st.stm32cube.ide.mcu.externaltools.gnu-tools-for-stm32.12.3.rel1.win32_1.0.100.202403111256/tools/bin/../lib/gcc/arm-none-eabi/12.3.1/../../../../arm-none-eabi/lib/thumb/v7e-m+fp/hard\libc_nano.a(libc_a-errno.o)
                0x08005b60                __errno
 .text.__libc_init_array
                0x08005b6c       0x48 C:/ST/STM32CubeIDE_1.13.2/STM32CubeIDE/plugins/com.st.stm32cube.ide.mcu.externaltools.gnu-tools-for-stm32.12.3.rel1.win32_1.0.100.202403111256/tools/bin/../lib/gcc/arm-none-eabi/12.3.1/../../../../arm-none-eabi/lib/thumb/v7e-m+fp/hard\libc_nano.a(libc_a-init.o)
                0x08005b6c                __libc_init_array
 .text.memcpy   0x08005bb4       0x1c C:/ST/STM32CubeIDE_1.13.2/STM32CubeIDE/plugins/com.st.stm32cube.ide.mcu.externaltools.gnu-tools-for-stm32.12.3.rel1.win32_1.0.100.202403111256/tools/bin/../lib/gcc/arm-none-eabi/12.3.1/../../../../arm-none-eabi/lib/thumb/v7e-m+fp/hard\libc_nano.a(libc_a-memcpy-stub.o)
                0x08005bb4                memcpy
 .text.pow      0x08005bd0       0xe0 C:/ST/STM32CubeIDE_1.13.2/STM32CubeIDE/plugins/com.st.stm32cube.ide.mcu.externaltools.gnu-tools-for-stm32.12.3.rel1.win32_1.0.100.202403111256/tools/bin/../lib/gcc/arm-none-eabi/12.3.1/../../../../arm-none-eabi/lib/thumb/v7e-m+fp/hard\libm.a(libm_a-w_pow.o)
                0x08005bd0                pow
 .text.finite   0x08005cb0       0x16 C:/ST/STM32CubeIDE_1.13.2/STM32CubeIDE/plugins/com.st.stm32cube.ide.mcu.externaltools.gnu-tools-for-stm32.12.3.rel1.win32_1.0.100.202403111256/tools/bin/../lib/gcc/arm-none-eabi/12.3.1/../../../../arm-none-eabi/lib/thumb/v7e-m+fp/hard\libm.a(libm_a-s_finite.o)
                0x08005cb0                finite
 *fill*         0x08005cc6        0x2 
 .text.__ieee754_pow
                0x08005cc8      0xa88 C:/ST/STM32CubeIDE_1.13.2/STM32CubeIDE/plugins/com.st.stm32cube.ide.mcu.externaltools.gnu-tools-for-stm32.12.3.rel1.win32_1.0.100.202403111256/tools/bin/../lib/gcc/arm-none-eabi/12.3.1/../../../../arm-none-eabi/lib/thumb/v7e-m+fp/hard\libm.a(libm_a-e_pow.o)
                0x08005cc8                __ieee754_pow
 .text.fabs     0x08006750       0x10 C:/ST/STM32CubeIDE_1.13.2/STM32CubeIDE/plugins/com.st.stm32cube.ide.mcu.externaltools.gnu-tools-for-stm32.12.3.rel1.win32_1.0.100.202403111256/tools/bin/../lib/gcc/arm-none-eabi/12.3.1/../../../../arm-none-eabi/lib/thumb/v7e-m+fp/hard\libm.a(libm_a-s_fabs.o)
                0x08006750                fabs
 .text.scalbn   0x08006760       0xfc C:/ST/STM32CubeIDE_1.13.2/STM32CubeIDE/plugins/com.st.stm32cube.ide.mcu.externaltools.gnu-tools-for-stm32.12.3.rel1.win32_1.0.100.202403111256/tools/bin/../lib/gcc/arm-none-eabi/12.3.1/../../../../arm-none-eabi/lib/thumb/v7e-m+fp/hard\libm.a(libm_a-s_scalbn.o)
                0x08006760                scalbn
 .text.with_errno
                0x0800685c       0x24 C:/ST/STM32CubeIDE_1.13.2/STM32CubeIDE/plugins/com.st.stm32cube.ide.mcu.externaltools.gnu-tools-for-stm32.12.3.rel1.win32_1.0.100.202403111256/tools/bin/../lib/gcc/arm-none-eabi/12.3.1/../../../../arm-none-eabi/lib/thumb/v7e-m+fp/hard\libm.a(libm_a-math_err.o)
 .text.xflow    0x08006880       0x32 C:/ST/STM32CubeIDE_1.13.2/STM32CubeIDE/plugins/com.st.stm32cube.ide.mcu.externaltools.gnu-tools-for-stm32.12.3.rel1.win32_1.0.100.202403111256/tools/bin/../lib/gcc/arm-none-eabi/12.3.1/../../../../arm-none-eabi/lib/thumb/v7e-m+fp/hard\libm.a(libm_a-math_err.o)
 *fill*         0x080068b2        0x6 
 .text.__math_uflow
                0x080068b8       0x10 C:/ST/STM32CubeIDE_1.13.2/STM32CubeIDE/plugins/com.st.stm32cube.ide.mcu.externaltools.gnu-tools-for-stm32.12.3.rel1.win32_1.0.100.202403111256/tools/bin/../lib/gcc/arm-none-eabi/12.3.1/../../../../arm-none-eabi/lib/thumb/v7e-m+fp/hard\libm.a(libm_a-math_err.o)
                0x080068b8                __math_uflow
 .text.__math_oflow
                0x080068c8       0x10 C:/ST/STM32CubeIDE_1.13.2/STM32CubeIDE/plugins/com.st.stm32cube.ide.mcu.externaltools.gnu-tools-for-stm32.12.3.rel1.win32_1.0.100.202403111256/tools/bin/../lib/gcc/arm-none-eabi/12.3.1/../../../../arm-none-eabi/lib/thumb/v7e-m+fp/hard\libm.a(libm_a-math_err.o)
                0x080068c8                __math_oflow
 .text.__ieee754_sqrt
                0x080068d8      0x1b4 C:/ST/STM32CubeIDE_1.13.2/STM32CubeIDE/plugins/com.st.stm32cube.ide.mcu.externaltools.gnu-tools-for-stm32.12.3.rel1.win32_1.0.100.202403111256/tools/bin/../lib/gcc/arm-none-eabi/12.3.1/../../../../arm-none-eabi/lib/thumb/v7e-m+fp/hard\libm.a(libm_a-e_sqrt.o)
                0x080068d8                __ieee754_sqrt
 *(.glue_7)
 .glue_7        0x08006a8c        0x0 linker stubs
 *(.glue_7t)
 .glue_7t       0x08006a8c        0x0 linker stubs
 *(.eh_frame)
 .eh_frame      0x08006a8c        0x0 C:/ST/STM32CubeIDE_1.13.2/STM32CubeIDE/plugins/com.st.stm32cube.ide.mcu.externaltools.gnu-tools-for-stm32.12.3.rel1.win32_1.0.100.202403111256/tools/bin/../lib/gcc/arm-none-eabi/12.3.1/thumb/v7e-m+fp/hard/crtbegin.o
 *(.init)
 .init          0x08006a8c        0x4 C:/ST/STM32CubeIDE_1.13.2/STM32CubeIDE/plugins/com.st.stm32cube.ide.mcu.externaltools.gnu-tools-for-stm32.12.3.rel1.win32_1.0.100.202403111256/tools/bin/../lib/gcc/arm-none-eabi/12.3.1/thumb/v7e-m+fp/hard/crti.o
                0x08006a8c                _init
 .init          0x08006a90        0x8 C:/ST/STM32CubeIDE_1.13.2/STM32CubeIDE/plugins/com.st.stm32cube.ide.mcu.externaltools.gnu-tools-for-stm32.12.3.rel1.win32_1.0.100.202403111256/tools/bin/../lib/gcc/arm-none-eabi/12.3.1/thumb/v7e-m+fp/hard/crtn.o
 *(.fini)
 .fini          0x08006a98        0x4 C:/ST/STM32CubeIDE_1.13.2/STM32CubeIDE/plugins/com.st.stm32cube.ide.mcu.externaltools.gnu-tools-for-stm32.12.3.rel1.win32_1.0.100.202403111256/tools/bin/../lib/gcc/arm-none-eabi/12.3.1/thumb/v7e-m+fp/hard/crti.o
                0x08006a98                _fini
 .fini          0x08006a9c        0x8 C:/ST/STM32CubeIDE_1.13.2/STM32CubeIDE/plugins/com.st.stm32cube.ide.mcu.externaltools.gnu-tools-for-stm32.12.3.rel1.win32_1.0.100.202403111256/tools/bin/../lib/gcc/arm-none-eabi/12.3.1/thumb/v7e-m+fp/hard/crtn.o
                0x08006aa4                        . = ALIGN (0x4)
                0x08006aa4                        _etext = .

.vfp11_veneer   0x08006aa4        0x0
 .vfp11_veneer  0x08006aa4        0x0 linker stubs

.v4_bx          0x08006aa4        0x0
 .v4_bx         0x08006aa4        0x0 linker stubs

.iplt           0x08006aa4        0x0
 .iplt          0x08006aa4        0x0 C:/ST/STM32CubeIDE_1.13.2/STM32CubeIDE/plugins/com.st.stm32cube.ide.mcu.externaltools.gnu-tools-for-stm32.12.3.rel1.win32_1.0.100.202403111256/tools/bin/../lib/gcc/arm-none-eabi/12.3.1/thumb/v7e-m+fp/hard/crtbegin.o

.rodata         0x08006aa8       0xb0
                0x08006aa8                        . = ALIGN (0x4)
 *(.rodata)
 .rodata        0x08006aa8       0x40 ./Core/Src/kall.o
 *(.rodata*)
 .rodata.AHBPrescTable
                0x08006ae8       0x10 ./Core/Src/system_stm32g4xx.o
                0x08006ae8                AHBPrescTable
 .rodata.APBPrescTable
                0x08006af8        0x8 ./Core/Src/system_stm32g4xx.o
                0x08006af8                APBPrescTable
 .rodata.UARTPrescTable
                0x08006b00       0x18 ./Drivers/STM32G4xx_HAL_Driver/Src/stm32g4xx_hal_uart.o
                0x08006b00                UARTPrescTable
 .rodata.numerator.1
                0x08006b18        0x8 ./Drivers/STM32G4xx_HAL_Driver/Src/stm32g4xx_hal_uart_ex.o
 .rodata.denominator.0
                0x08006b20        0x8 ./Drivers/STM32G4xx_HAL_Driver/Src/stm32g4xx_hal_uart_ex.o
 .rodata.dp_l   0x08006b28       0x10 C:/ST/STM32CubeIDE_1.13.2/STM32CubeIDE/plugins/com.st.stm32cube.ide.mcu.externaltools.gnu-tools-for-stm32.12.3.rel1.win32_1.0.100.202403111256/tools/bin/../lib/gcc/arm-none-eabi/12.3.1/../../../../arm-none-eabi/lib/thumb/v7e-m+fp/hard\libm.a(libm_a-e_pow.o)
 .rodata.dp_h   0x08006b38       0x10 C:/ST/STM32CubeIDE_1.13.2/STM32CubeIDE/plugins/com.st.stm32cube.ide.mcu.externaltools.gnu-tools-for-stm32.12.3.rel1.win32_1.0.100.202403111256/tools/bin/../lib/gcc/arm-none-eabi/12.3.1/../../../../arm-none-eabi/lib/thumb/v7e-m+fp/hard\libm.a(libm_a-e_pow.o)
 .rodata.bp     0x08006b48       0x10 C:/ST/STM32CubeIDE_1.13.2/STM32CubeIDE/plugins/com.st.stm32cube.ide.mcu.externaltools.gnu-tools-for-stm32.12.3.rel1.win32_1.0.100.202403111256/tools/bin/../lib/gcc/arm-none-eabi/12.3.1/../../../../arm-none-eabi/lib/thumb/v7e-m+fp/hard\libm.a(libm_a-e_pow.o)
                0x08006b58                        . = ALIGN (0x4)

.ARM.extab      0x08006b58        0x0
                0x08006b58                        . = ALIGN (0x4)
 *(.ARM.extab* .gnu.linkonce.armextab.*)
                0x08006b58                        . = ALIGN (0x4)

.ARM            0x08006b58        0x8
                0x08006b58                        . = ALIGN (0x4)
                0x08006b58                        __exidx_start = .
 *(.ARM.exidx*)
 .ARM.exidx     0x08006b58        0x8 C:/ST/STM32CubeIDE_1.13.2/STM32CubeIDE/plugins/com.st.stm32cube.ide.mcu.externaltools.gnu-tools-for-stm32.12.3.rel1.win32_1.0.100.202403111256/tools/bin/../lib/gcc/arm-none-eabi/12.3.1/thumb/v7e-m+fp/hard\libgcc.a(_udivmoddi4.o)
                0x08006b60                        __exidx_end = .
                0x08006b60                        . = ALIGN (0x4)

.preinit_array  0x08006b60        0x0
                0x08006b60                        . = ALIGN (0x4)
                0x08006b60                        PROVIDE (__preinit_array_start = .)
 *(.preinit_array*)
                0x08006b60                        PROVIDE (__preinit_array_end = .)
                0x08006b60                        . = ALIGN (0x4)

.init_array     0x08006b60        0x4
                0x08006b60                        . = ALIGN (0x4)
                0x08006b60                        PROVIDE (__init_array_start = .)
 *(SORT_BY_NAME(.init_array.*))
 *(.init_array*)
 .init_array    0x08006b60        0x4 C:/ST/STM32CubeIDE_1.13.2/STM32CubeIDE/plugins/com.st.stm32cube.ide.mcu.externaltools.gnu-tools-for-stm32.12.3.rel1.win32_1.0.100.202403111256/tools/bin/../lib/gcc/arm-none-eabi/12.3.1/thumb/v7e-m+fp/hard/crtbegin.o
                0x08006b64                        PROVIDE (__init_array_end = .)
                0x08006b64                        . = ALIGN (0x4)

.fini_array     0x08006b64        0x4
                0x08006b64                        . = ALIGN (0x4)
                [!provide]                        PROVIDE (__fini_array_start = .)
 *(SORT_BY_NAME(.fini_array.*))
 *(.fini_array*)
 .fini_array    0x08006b64        0x4 C:/ST/STM32CubeIDE_1.13.2/STM32CubeIDE/plugins/com.st.stm32cube.ide.mcu.externaltools.gnu-tools-for-stm32.12.3.rel1.win32_1.0.100.202403111256/tools/bin/../lib/gcc/arm-none-eabi/12.3.1/thumb/v7e-m+fp/hard/crtbegin.o
                [!provide]                        PROVIDE (__fini_array_end = .)
                0x08006b68                        . = ALIGN (0x4)
                0x08006b68                        _sidata = LOADADDR (.data)

.rel.dyn        0x08006b68        0x0
 .rel.iplt      0x08006b68        0x0 C:/ST/STM32CubeIDE_1.13.2/STM32CubeIDE/plugins/com.st.stm32cube.ide.mcu.externaltools.gnu-tools-for-stm32.12.3.rel1.win32_1.0.100.202403111256/tools/bin/../lib/gcc/arm-none-eabi/12.3.1/thumb/v7e-m+fp/hard/crtbegin.o

.data           0x20000000       0x78 load address 0x08006b68
                0x20000000                        . = ALIGN (0x4)
                0x20000000                        _sdata = .
 *(.data)
 *(.data*)
 .data.cnt_per_rev
                0x20000000        0x4 ./Core/Src/AMT.o
                0x20000000                cnt_per_rev
 .data.pulley_cir
                0x20000004        0x4 ./Core/Src/AMT.o
                0x20000004                pulley_cir
 .data.SystemCoreClock
                0x20000008        0x4 ./Core/Src/system_stm32g4xx.o
                0x20000008                SystemCoreClock
 .data.uwTickPrio
                0x2000000c        0x4 ./Drivers/STM32G4xx_HAL_Driver/Src/stm32g4xx_hal.o
                0x2000000c                uwTickPrio
 .data.uwTickFreq
                0x20000010        0x4 ./Drivers/STM32G4xx_HAL_Driver/Src/stm32g4xx_hal.o
                0x20000010                uwTickFreq
 .data._impure_ptr
                0x20000014        0x4 C:/ST/STM32CubeIDE_1.13.2/STM32CubeIDE/plugins/com.st.stm32cube.ide.mcu.externaltools.gnu-tools-for-stm32.12.3.rel1.win32_1.0.100.202403111256/tools/bin/../lib/gcc/arm-none-eabi/12.3.1/../../../../arm-none-eabi/lib/thumb/v7e-m+fp/hard\libc_nano.a(libc_a-impure.o)
                0x20000014                _impure_ptr
 .data._impure_data
                0x20000018       0x4c C:/ST/STM32CubeIDE_1.13.2/STM32CubeIDE/plugins/com.st.stm32cube.ide.mcu.externaltools.gnu-tools-for-stm32.12.3.rel1.win32_1.0.100.202403111256/tools/bin/../lib/gcc/arm-none-eabi/12.3.1/../../../../arm-none-eabi/lib/thumb/v7e-m+fp/hard\libc_nano.a(libc_a-impure.o)
                0x20000018                _impure_data
 *fill*         0x20000064        0x4 
 .data.tiny     0x20000068        0x8 C:/ST/STM32CubeIDE_1.13.2/STM32CubeIDE/plugins/com.st.stm32cube.ide.mcu.externaltools.gnu-tools-for-stm32.12.3.rel1.win32_1.0.100.202403111256/tools/bin/../lib/gcc/arm-none-eabi/12.3.1/../../../../arm-none-eabi/lib/thumb/v7e-m+fp/hard\libm.a(libm_a-e_sqrt.o)
 .data.one      0x20000070        0x8 C:/ST/STM32CubeIDE_1.13.2/STM32CubeIDE/plugins/com.st.stm32cube.ide.mcu.externaltools.gnu-tools-for-stm32.12.3.rel1.win32_1.0.100.202403111256/tools/bin/../lib/gcc/arm-none-eabi/12.3.1/../../../../arm-none-eabi/lib/thumb/v7e-m+fp/hard\libm.a(libm_a-e_sqrt.o)
 *(.RamFunc)
 *(.RamFunc*)
                0x20000078                        . = ALIGN (0x4)
                0x20000078                        _edata = .

.igot.plt       0x20000078        0x0 load address 0x08006be0
 .igot.plt      0x20000078        0x0 C:/ST/STM32CubeIDE_1.13.2/STM32CubeIDE/plugins/com.st.stm32cube.ide.mcu.externaltools.gnu-tools-for-stm32.12.3.rel1.win32_1.0.100.202403111256/tools/bin/../lib/gcc/arm-none-eabi/12.3.1/thumb/v7e-m+fp/hard/crtbegin.o
                0x20000078                        . = ALIGN (0x4)

.bss            0x20000078      0x29c load address 0x08006be0
                0x20000078                        _sbss = .
                0x20000078                        __bss_start__ = _sbss
 *(.bss)
 .bss           0x20000078       0x1c C:/ST/STM32CubeIDE_1.13.2/STM32CubeIDE/plugins/com.st.stm32cube.ide.mcu.externaltools.gnu-tools-for-stm32.12.3.rel1.win32_1.0.100.202403111256/tools/bin/../lib/gcc/arm-none-eabi/12.3.1/thumb/v7e-m+fp/hard/crtbegin.o
 *(.bss*)
 .bss.diffPosition
                0x20000094        0x4 ./Core/Src/AMT.o
                0x20000094                diffPosition
 .bss.diffTime  0x20000098        0x4 ./Core/Src/AMT.o
                0x20000098                diffTime
 .bss.hlpuart1  0x2000009c       0x94 ./Core/Src/main.o
                0x2000009c                hlpuart1
 .bss.htim2     0x20000130       0x4c ./Core/Src/main.o
                0x20000130                htim2
 .bss.htim5     0x2000017c       0x4c ./Core/Src/main.o
                0x2000017c                htim5
 .bss._micros   0x200001c8        0x8 ./Core/Src/main.o
                0x200001c8                _micros
 .bss.timestamp.0
                0x200001d0        0x8 ./Core/Src/main.o
 .bss.uwTick    0x200001d8        0x4 ./Drivers/STM32G4xx_HAL_Driver/Src/stm32g4xx_hal.o
                0x200001d8                uwTick
 .bss.__sf      0x200001dc      0x138 C:/ST/STM32CubeIDE_1.13.2/STM32CubeIDE/plugins/com.st.stm32cube.ide.mcu.externaltools.gnu-tools-for-stm32.12.3.rel1.win32_1.0.100.202403111256/tools/bin/../lib/gcc/arm-none-eabi/12.3.1/../../../../arm-none-eabi/lib/thumb/v7e-m+fp/hard\libc_nano.a(libc_a-findfp.o)
                0x200001dc                __sf
 *(COMMON)
                0x20000314                        . = ALIGN (0x4)
                0x20000314                        _ebss = .
                0x20000314                        __bss_end__ = _ebss

._user_heap_stack
                0x20000314      0x604 load address 0x08006be0
                0x20000318                        . = ALIGN (0x8)
 *fill*         0x20000314        0x4 
                [!provide]                        PROVIDE (end = .)
                0x20000318                        PROVIDE (_end = .)
                0x20000518                        . = (. + _Min_Heap_Size)
 *fill*         0x20000318      0x200 
                0x20000918                        . = (. + _Min_Stack_Size)
 *fill*         0x20000518      0x400 
                0x20000918                        . = ALIGN (0x8)

/DISCARD/
 libc.a(*)
 libm.a(*)
 libgcc.a(*)

.ARM.attributes
                0x00000000       0x30
 *(.ARM.attributes)
 .ARM.attributes
                0x00000000       0x22 C:/ST/STM32CubeIDE_1.13.2/STM32CubeIDE/plugins/com.st.stm32cube.ide.mcu.externaltools.gnu-tools-for-stm32.12.3.rel1.win32_1.0.100.202403111256/tools/bin/../lib/gcc/arm-none-eabi/12.3.1/thumb/v7e-m+fp/hard/crti.o
 .ARM.attributes
                0x00000022       0x34 C:/ST/STM32CubeIDE_1.13.2/STM32CubeIDE/plugins/com.st.stm32cube.ide.mcu.externaltools.gnu-tools-for-stm32.12.3.rel1.win32_1.0.100.202403111256/tools/bin/../lib/gcc/arm-none-eabi/12.3.1/thumb/v7e-m+fp/hard/crtbegin.o
 .ARM.attributes
                0x00000056       0x34 ./Core/Src/AMT.o
 .ARM.attributes
                0x0000008a       0x34 ./Core/Src/kall.o
 .ARM.attributes
                0x000000be       0x34 ./Core/Src/main.o
 .ARM.attributes
                0x000000f2       0x34 ./Core/Src/maxtrix.o
 .ARM.attributes
                0x00000126       0x34 ./Core/Src/stm32g4xx_hal_msp.o
 .ARM.attributes
                0x0000015a       0x34 ./Core/Src/stm32g4xx_it.o
 .ARM.attributes
                0x0000018e       0x34 ./Core/Src/system_stm32g4xx.o
 .ARM.attributes
                0x000001c2       0x21 ./Core/Startup/startup_stm32g474retx.o
 .ARM.attributes
                0x000001e3       0x34 ./Drivers/STM32G4xx_HAL_Driver/Src/stm32g4xx_hal.o
 .ARM.attributes
                0x00000217       0x34 ./Drivers/STM32G4xx_HAL_Driver/Src/stm32g4xx_hal_cortex.o
 .ARM.attributes
                0x0000024b       0x34 ./Drivers/STM32G4xx_HAL_Driver/Src/stm32g4xx_hal_gpio.o
 .ARM.attributes
                0x0000027f       0x34 ./Drivers/STM32G4xx_HAL_Driver/Src/stm32g4xx_hal_pwr_ex.o
 .ARM.attributes
                0x000002b3       0x34 ./Drivers/STM32G4xx_HAL_Driver/Src/stm32g4xx_hal_rcc.o
 .ARM.attributes
                0x000002e7       0x34 ./Drivers/STM32G4xx_HAL_Driver/Src/stm32g4xx_hal_rcc_ex.o
 .ARM.attributes
                0x0000031b       0x34 ./Drivers/STM32G4xx_HAL_Driver/Src/stm32g4xx_hal_tim.o
 .ARM.attributes
                0x0000034f       0x34 ./Drivers/STM32G4xx_HAL_Driver/Src/stm32g4xx_hal_tim_ex.o
 .ARM.attributes
                0x00000383       0x34 ./Drivers/STM32G4xx_HAL_Driver/Src/stm32g4xx_hal_uart.o
 .ARM.attributes
                0x000003b7       0x34 ./Drivers/STM32G4xx_HAL_Driver/Src/stm32g4xx_hal_uart_ex.o
 .ARM.attributes
                0x000003eb       0x34 C:/ST/STM32CubeIDE_1.13.2/STM32CubeIDE/plugins/com.st.stm32cube.ide.mcu.externaltools.gnu-tools-for-stm32.12.3.rel1.win32_1.0.100.202403111256/tools/bin/../lib/gcc/arm-none-eabi/12.3.1/../../../../arm-none-eabi/lib/thumb/v7e-m+fp/hard\libc_nano.a(libc_a-findfp.o)
 .ARM.attributes
                0x0000041f       0x34 C:/ST/STM32CubeIDE_1.13.2/STM32CubeIDE/plugins/com.st.stm32cube.ide.mcu.externaltools.gnu-tools-for-stm32.12.3.rel1.win32_1.0.100.202403111256/tools/bin/../lib/gcc/arm-none-eabi/12.3.1/../../../../arm-none-eabi/lib/thumb/v7e-m+fp/hard\libc_nano.a(libc_a-memset.o)
 .ARM.attributes
                0x00000453       0x34 C:/ST/STM32CubeIDE_1.13.2/STM32CubeIDE/plugins/com.st.stm32cube.ide.mcu.externaltools.gnu-tools-for-stm32.12.3.rel1.win32_1.0.100.202403111256/tools/bin/../lib/gcc/arm-none-eabi/12.3.1/../../../../arm-none-eabi/lib/thumb/v7e-m+fp/hard\libc_nano.a(libc_a-impure.o)
 .ARM.attributes
                0x00000487       0x34 C:/ST/STM32CubeIDE_1.13.2/STM32CubeIDE/plugins/com.st.stm32cube.ide.mcu.externaltools.gnu-tools-for-stm32.12.3.rel1.win32_1.0.100.202403111256/tools/bin/../lib/gcc/arm-none-eabi/12.3.1/../../../../arm-none-eabi/lib/thumb/v7e-m+fp/hard\libc_nano.a(libc_a-errno.o)
 .ARM.attributes
                0x000004bb       0x34 C:/ST/STM32CubeIDE_1.13.2/STM32CubeIDE/plugins/com.st.stm32cube.ide.mcu.externaltools.gnu-tools-for-stm32.12.3.rel1.win32_1.0.100.202403111256/tools/bin/../lib/gcc/arm-none-eabi/12.3.1/../../../../arm-none-eabi/lib/thumb/v7e-m+fp/hard\libc_nano.a(libc_a-init.o)
 .ARM.attributes
                0x000004ef       0x34 C:/ST/STM32CubeIDE_1.13.2/STM32CubeIDE/plugins/com.st.stm32cube.ide.mcu.externaltools.gnu-tools-for-stm32.12.3.rel1.win32_1.0.100.202403111256/tools/bin/../lib/gcc/arm-none-eabi/12.3.1/../../../../arm-none-eabi/lib/thumb/v7e-m+fp/hard\libc_nano.a(libc_a-memcpy-stub.o)
 .ARM.attributes
                0x00000523       0x34 C:/ST/STM32CubeIDE_1.13.2/STM32CubeIDE/plugins/com.st.stm32cube.ide.mcu.externaltools.gnu-tools-for-stm32.12.3.rel1.win32_1.0.100.202403111256/tools/bin/../lib/gcc/arm-none-eabi/12.3.1/../../../../arm-none-eabi/lib/thumb/v7e-m+fp/hard\libm.a(libm_a-w_pow.o)
 .ARM.attributes
                0x00000557       0x34 C:/ST/STM32CubeIDE_1.13.2/STM32CubeIDE/plugins/com.st.stm32cube.ide.mcu.externaltools.gnu-tools-for-stm32.12.3.rel1.win32_1.0.100.202403111256/tools/bin/../lib/gcc/arm-none-eabi/12.3.1/../../../../arm-none-eabi/lib/thumb/v7e-m+fp/hard\libm.a(libm_a-s_finite.o)
 .ARM.attributes
                0x0000058b       0x34 C:/ST/STM32CubeIDE_1.13.2/STM32CubeIDE/plugins/com.st.stm32cube.ide.mcu.externaltools.gnu-tools-for-stm32.12.3.rel1.win32_1.0.100.202403111256/tools/bin/../lib/gcc/arm-none-eabi/12.3.1/../../../../arm-none-eabi/lib/thumb/v7e-m+fp/hard\libm.a(libm_a-e_pow.o)
 .ARM.attributes
                0x000005bf       0x34 C:/ST/STM32CubeIDE_1.13.2/STM32CubeIDE/plugins/com.st.stm32cube.ide.mcu.externaltools.gnu-tools-for-stm32.12.3.rel1.win32_1.0.100.202403111256/tools/bin/../lib/gcc/arm-none-eabi/12.3.1/../../../../arm-none-eabi/lib/thumb/v7e-m+fp/hard\libm.a(libm_a-s_fabs.o)
 .ARM.attributes
                0x000005f3       0x34 C:/ST/STM32CubeIDE_1.13.2/STM32CubeIDE/plugins/com.st.stm32cube.ide.mcu.externaltools.gnu-tools-for-stm32.12.3.rel1.win32_1.0.100.202403111256/tools/bin/../lib/gcc/arm-none-eabi/12.3.1/../../../../arm-none-eabi/lib/thumb/v7e-m+fp/hard\libm.a(libm_a-s_scalbn.o)
 .ARM.attributes
                0x00000627       0x34 C:/ST/STM32CubeIDE_1.13.2/STM32CubeIDE/plugins/com.st.stm32cube.ide.mcu.externaltools.gnu-tools-for-stm32.12.3.rel1.win32_1.0.100.202403111256/tools/bin/../lib/gcc/arm-none-eabi/12.3.1/../../../../arm-none-eabi/lib/thumb/v7e-m+fp/hard\libm.a(libm_a-math_err.o)
 .ARM.attributes
                0x0000065b       0x34 C:/ST/STM32CubeIDE_1.13.2/STM32CubeIDE/plugins/com.st.stm32cube.ide.mcu.externaltools.gnu-tools-for-stm32.12.3.rel1.win32_1.0.100.202403111256/tools/bin/../lib/gcc/arm-none-eabi/12.3.1/../../../../arm-none-eabi/lib/thumb/v7e-m+fp/hard\libm.a(libm_a-e_sqrt.o)
 .ARM.attributes
                0x0000068f       0x22 C:/ST/STM32CubeIDE_1.13.2/STM32CubeIDE/plugins/com.st.stm32cube.ide.mcu.externaltools.gnu-tools-for-stm32.12.3.rel1.win32_1.0.100.202403111256/tools/bin/../lib/gcc/arm-none-eabi/12.3.1/thumb/v7e-m+fp/hard\libgcc.a(_arm_addsubdf3.o)
 .ARM.attributes
                0x000006b1       0x22 C:/ST/STM32CubeIDE_1.13.2/STM32CubeIDE/plugins/com.st.stm32cube.ide.mcu.externaltools.gnu-tools-for-stm32.12.3.rel1.win32_1.0.100.202403111256/tools/bin/../lib/gcc/arm-none-eabi/12.3.1/thumb/v7e-m+fp/hard\libgcc.a(_arm_muldivdf3.o)
 .ARM.attributes
                0x000006d3       0x22 C:/ST/STM32CubeIDE_1.13.2/STM32CubeIDE/plugins/com.st.stm32cube.ide.mcu.externaltools.gnu-tools-for-stm32.12.3.rel1.win32_1.0.100.202403111256/tools/bin/../lib/gcc/arm-none-eabi/12.3.1/thumb/v7e-m+fp/hard\libgcc.a(_arm_cmpdf2.o)
 .ARM.attributes
                0x000006f5       0x22 C:/ST/STM32CubeIDE_1.13.2/STM32CubeIDE/plugins/com.st.stm32cube.ide.mcu.externaltools.gnu-tools-for-stm32.12.3.rel1.win32_1.0.100.202403111256/tools/bin/../lib/gcc/arm-none-eabi/12.3.1/thumb/v7e-m+fp/hard\libgcc.a(_arm_unorddf2.o)
 .ARM.attributes
                0x00000717       0x22 C:/ST/STM32CubeIDE_1.13.2/STM32CubeIDE/plugins/com.st.stm32cube.ide.mcu.externaltools.gnu-tools-for-stm32.12.3.rel1.win32_1.0.100.202403111256/tools/bin/../lib/gcc/arm-none-eabi/12.3.1/thumb/v7e-m+fp/hard\libgcc.a(_arm_truncdfsf2.o)
 .ARM.attributes
                0x00000739       0x22 C:/ST/STM32CubeIDE_1.13.2/STM32CubeIDE/plugins/com.st.stm32cube.ide.mcu.externaltools.gnu-tools-for-stm32.12.3.rel1.win32_1.0.100.202403111256/tools/bin/../lib/gcc/arm-none-eabi/12.3.1/thumb/v7e-m+fp/hard\libgcc.a(_arm_addsubsf3.o)
 .ARM.attributes
                0x0000075b       0x22 C:/ST/STM32CubeIDE_1.13.2/STM32CubeIDE/plugins/com.st.stm32cube.ide.mcu.externaltools.gnu-tools-for-stm32.12.3.rel1.win32_1.0.100.202403111256/tools/bin/../lib/gcc/arm-none-eabi/12.3.1/thumb/v7e-m+fp/hard\libgcc.a(_aeabi_uldivmod.o)
 .ARM.attributes
                0x0000077d       0x34 C:/ST/STM32CubeIDE_1.13.2/STM32CubeIDE/plugins/com.st.stm32cube.ide.mcu.externaltools.gnu-tools-for-stm32.12.3.rel1.win32_1.0.100.202403111256/tools/bin/../lib/gcc/arm-none-eabi/12.3.1/thumb/v7e-m+fp/hard\libgcc.a(_udivmoddi4.o)
 .ARM.attributes
                0x000007b1       0x22 C:/ST/STM32CubeIDE_1.13.2/STM32CubeIDE/plugins/com.st.stm32cube.ide.mcu.externaltools.gnu-tools-for-stm32.12.3.rel1.win32_1.0.100.202403111256/tools/bin/../lib/gcc/arm-none-eabi/12.3.1/thumb/v7e-m+fp/hard\libgcc.a(_dvmd_tls.o)
 .ARM.attributes
                0x000007d3       0x22 C:/ST/STM32CubeIDE_1.13.2/STM32CubeIDE/plugins/com.st.stm32cube.ide.mcu.externaltools.gnu-tools-for-stm32.12.3.rel1.win32_1.0.100.202403111256/tools/bin/../lib/gcc/arm-none-eabi/12.3.1/thumb/v7e-m+fp/hard/crtn.o
OUTPUT(kallysally.elf elf32-littlearm)
LOAD linker stubs
LOAD C:/ST/STM32CubeIDE_1.13.2/STM32CubeIDE/plugins/com.st.stm32cube.ide.mcu.externaltools.gnu-tools-for-stm32.12.3.rel1.win32_1.0.100.202403111256/tools/bin/../lib/gcc/arm-none-eabi/12.3.1/../../../../arm-none-eabi/lib/thumb/v7e-m+fp/hard\libc.a
LOAD C:/ST/STM32CubeIDE_1.13.2/STM32CubeIDE/plugins/com.st.stm32cube.ide.mcu.externaltools.gnu-tools-for-stm32.12.3.rel1.win32_1.0.100.202403111256/tools/bin/../lib/gcc/arm-none-eabi/12.3.1/../../../../arm-none-eabi/lib/thumb/v7e-m+fp/hard\libm.a
LOAD C:/ST/STM32CubeIDE_1.13.2/STM32CubeIDE/plugins/com.st.stm32cube.ide.mcu.externaltools.gnu-tools-for-stm32.12.3.rel1.win32_1.0.100.202403111256/tools/bin/../lib/gcc/arm-none-eabi/12.3.1/thumb/v7e-m+fp/hard\libgcc.a

.debug_info     0x00000000    0x12f80
 .debug_info    0x00000000      0x9fa ./Core/Src/AMT.o
 .debug_info    0x000009fa      0x74e ./Core/Src/kall.o
 .debug_info    0x00001148     0x1bed ./Core/Src/main.o
 .debug_info    0x00002d35      0x51f ./Core/Src/maxtrix.o
 .debug_info    0x00003254     0x1237 ./Core/Src/stm32g4xx_hal_msp.o
 .debug_info    0x0000448b      0x14c ./Core/Src/stm32g4xx_it.o
 .debug_info    0x000045d7      0x58e ./Core/Src/system_stm32g4xx.o
 .debug_info    0x00004b65       0x30 ./Core/Startup/startup_stm32g474retx.o
 .debug_info    0x00004b95      0xb95 ./Drivers/STM32G4xx_HAL_Driver/Src/stm32g4xx_hal.o
 .debug_info    0x0000572a      0xdad ./Drivers/STM32G4xx_HAL_Driver/Src/stm32g4xx_hal_cortex.o
 .debug_info    0x000064d7      0x763 ./Drivers/STM32G4xx_HAL_Driver/Src/stm32g4xx_hal_gpio.o
 .debug_info    0x00006c3a      0x93f ./Drivers/STM32G4xx_HAL_Driver/Src/stm32g4xx_hal_pwr_ex.o
 .debug_info    0x00007579      0xbe0 ./Drivers/STM32G4xx_HAL_Driver/Src/stm32g4xx_hal_rcc.o
 .debug_info    0x00008159      0xc45 ./Drivers/STM32G4xx_HAL_Driver/Src/stm32g4xx_hal_rcc_ex.o
 .debug_info    0x00008d9e     0x2c52 ./Drivers/STM32G4xx_HAL_Driver/Src/stm32g4xx_hal_tim.o
 .debug_info    0x0000b9f0     0x1d95 ./Drivers/STM32G4xx_HAL_Driver/Src/stm32g4xx_hal_tim_ex.o
 .debug_info    0x0000d785     0x481e ./Drivers/STM32G4xx_HAL_Driver/Src/stm32g4xx_hal_uart.o
 .debug_info    0x00011fa3      0xfdd ./Drivers/STM32G4xx_HAL_Driver/Src/stm32g4xx_hal_uart_ex.o

.debug_abbrev   0x00000000     0x25e4
 .debug_abbrev  0x00000000      0x1db ./Core/Src/AMT.o
 .debug_abbrev  0x000001db      0x15e ./Core/Src/kall.o
 .debug_abbrev  0x00000339      0x35e ./Core/Src/main.o
 .debug_abbrev  0x00000697      0x140 ./Core/Src/maxtrix.o
 .debug_abbrev  0x000007d7      0x248 ./Core/Src/stm32g4xx_hal_msp.o
 .debug_abbrev  0x00000a1f       0xa0 ./Core/Src/stm32g4xx_it.o
 .debug_abbrev  0x00000abf      0x11a ./Core/Src/system_stm32g4xx.o
 .debug_abbrev  0x00000bd9       0x24 ./Core/Startup/startup_stm32g474retx.o
 .debug_abbrev  0x00000bfd      0x271 ./Drivers/STM32G4xx_HAL_Driver/Src/stm32g4xx_hal.o
 .debug_abbrev  0x00000e6e      0x31c ./Drivers/STM32G4xx_HAL_Driver/Src/stm32g4xx_hal_cortex.o
 .debug_abbrev  0x0000118a      0x1cb ./Drivers/STM32G4xx_HAL_Driver/Src/stm32g4xx_hal_gpio.o
 .debug_abbrev  0x00001355      0x22c ./Drivers/STM32G4xx_HAL_Driver/Src/stm32g4xx_hal_pwr_ex.o
 .debug_abbrev  0x00001581      0x2c9 ./Drivers/STM32G4xx_HAL_Driver/Src/stm32g4xx_hal_rcc.o
 .debug_abbrev  0x0000184a      0x258 ./Drivers/STM32G4xx_HAL_Driver/Src/stm32g4xx_hal_rcc_ex.o
 .debug_abbrev  0x00001aa2      0x2a7 ./Drivers/STM32G4xx_HAL_Driver/Src/stm32g4xx_hal_tim.o
 .debug_abbrev  0x00001d49      0x2c5 ./Drivers/STM32G4xx_HAL_Driver/Src/stm32g4xx_hal_tim_ex.o
 .debug_abbrev  0x0000200e      0x304 ./Drivers/STM32G4xx_HAL_Driver/Src/stm32g4xx_hal_uart.o
 .debug_abbrev  0x00002312      0x2d2 ./Drivers/STM32G4xx_HAL_Driver/Src/stm32g4xx_hal_uart_ex.o

.debug_aranges  0x00000000     0x10b8
 .debug_aranges
                0x00000000       0x30 ./Core/Src/AMT.o
 .debug_aranges
                0x00000030       0x70 ./Core/Src/kall.o
 .debug_aranges
                0x000000a0       0x60 ./Core/Src/main.o
 .debug_aranges
                0x00000100       0x60 ./Core/Src/maxtrix.o
 .debug_aranges
                0x00000160       0x50 ./Core/Src/stm32g4xx_hal_msp.o
 .debug_aranges
                0x000001b0       0x68 ./Core/Src/stm32g4xx_it.o
 .debug_aranges
                0x00000218       0x28 ./Core/Src/system_stm32g4xx.o
 .debug_aranges
                0x00000240       0x28 ./Core/Startup/startup_stm32g474retx.o
 .debug_aranges
                0x00000268      0x148 ./Drivers/STM32G4xx_HAL_Driver/Src/stm32g4xx_hal.o
 .debug_aranges
                0x000003b0      0x118 ./Drivers/STM32G4xx_HAL_Driver/Src/stm32g4xx_hal_cortex.o
 .debug_aranges
                0x000004c8       0x58 ./Drivers/STM32G4xx_HAL_Driver/Src/stm32g4xx_hal_gpio.o
 .debug_aranges
                0x00000520      0x140 ./Drivers/STM32G4xx_HAL_Driver/Src/stm32g4xx_hal_pwr_ex.o
 .debug_aranges
                0x00000660       0x98 ./Drivers/STM32G4xx_HAL_Driver/Src/stm32g4xx_hal_rcc.o
 .debug_aranges
                0x000006f8       0xb0 ./Drivers/STM32G4xx_HAL_Driver/Src/stm32g4xx_hal_rcc_ex.o
 .debug_aranges
                0x000007a8      0x3e0 ./Drivers/STM32G4xx_HAL_Driver/Src/stm32g4xx_hal_tim.o
 .debug_aranges
                0x00000b88      0x240 ./Drivers/STM32G4xx_HAL_Driver/Src/stm32g4xx_hal_tim_ex.o
 .debug_aranges
                0x00000dc8      0x248 ./Drivers/STM32G4xx_HAL_Driver/Src/stm32g4xx_hal_uart.o
 .debug_aranges
                0x00001010       0xa8 ./Drivers/STM32G4xx_HAL_Driver/Src/stm32g4xx_hal_uart_ex.o

.debug_rnglists
                0x00000000      0xd14
 .debug_rnglists
                0x00000000       0x20 ./Core/Src/AMT.o
 .debug_rnglists
                0x00000020       0x55 ./Core/Src/kall.o
 .debug_rnglists
                0x00000075       0x49 ./Core/Src/main.o
 .debug_rnglists
                0x000000be       0x4a ./Core/Src/maxtrix.o
 .debug_rnglists
                0x00000108       0x39 ./Core/Src/stm32g4xx_hal_msp.o
 .debug_rnglists
                0x00000141       0x49 ./Core/Src/stm32g4xx_it.o
 .debug_rnglists
                0x0000018a       0x1a ./Core/Src/system_stm32g4xx.o
 .debug_rnglists
                0x000001a4       0x19 ./Core/Startup/startup_stm32g474retx.o
 .debug_rnglists
                0x000001bd       0xf1 ./Drivers/STM32G4xx_HAL_Driver/Src/stm32g4xx_hal.o
 .debug_rnglists
                0x000002ae       0xce ./Drivers/STM32G4xx_HAL_Driver/Src/stm32g4xx_hal_cortex.o
 .debug_rnglists
                0x0000037c       0x3f ./Drivers/STM32G4xx_HAL_Driver/Src/stm32g4xx_hal_gpio.o
 .debug_rnglists
                0x000003bb       0xf1 ./Drivers/STM32G4xx_HAL_Driver/Src/stm32g4xx_hal_pwr_ex.o
 .debug_rnglists
                0x000004ac       0x74 ./Drivers/STM32G4xx_HAL_Driver/Src/stm32g4xx_hal_rcc.o
 .debug_rnglists
                0x00000520       0x87 ./Drivers/STM32G4xx_HAL_Driver/Src/stm32g4xx_hal_rcc_ex.o
 .debug_rnglists
                0x000005a7      0x328 ./Drivers/STM32G4xx_HAL_Driver/Src/stm32g4xx_hal_tim.o
 .debug_rnglists
                0x000008cf      0x1cc ./Drivers/STM32G4xx_HAL_Driver/Src/stm32g4xx_hal_tim_ex.o
 .debug_rnglists
                0x00000a9b      0x1fa ./Drivers/STM32G4xx_HAL_Driver/Src/stm32g4xx_hal_uart.o
 .debug_rnglists
                0x00000c95       0x7f ./Drivers/STM32G4xx_HAL_Driver/Src/stm32g4xx_hal_uart_ex.o

.debug_macro    0x00000000    0x269ce
 .debug_macro   0x00000000      0x1eb ./Core/Src/AMT.o
 .debug_macro   0x000001eb      0xab4 ./Core/Src/AMT.o
 .debug_macro   0x00000c9f      0x15b ./Core/Src/AMT.o
 .debug_macro   0x00000dfa       0x2e ./Core/Src/AMT.o
 .debug_macro   0x00000e28       0x28 ./Core/Src/AMT.o
 .debug_macro   0x00000e50       0x22 ./Core/Src/AMT.o
 .debug_macro   0x00000e72       0x8e ./Core/Src/AMT.o
 .debug_macro   0x00000f00       0x51 ./Core/Src/AMT.o
 .debug_macro   0x00000f51      0x103 ./Core/Src/AMT.o
 .debug_macro   0x00001054       0x6a ./Core/Src/AMT.o
 .debug_macro   0x000010be      0x1df ./Core/Src/AMT.o
 .debug_macro   0x0000129d       0x1c ./Core/Src/AMT.o
 .debug_macro   0x000012b9       0x22 ./Core/Src/AMT.o
 .debug_macro   0x000012db       0xfb ./Core/Src/AMT.o
 .debug_macro   0x000013d6     0x1011 ./Core/Src/AMT.o
 .debug_macro   0x000023e7      0x11f ./Core/Src/AMT.o
 .debug_macro   0x00002506    0x18b45 ./Core/Src/AMT.o
 .debug_macro   0x0001b04b       0x6d ./Core/Src/AMT.o
 .debug_macro   0x0001b0b8     0x354d ./Core/Src/AMT.o
 .debug_macro   0x0001e605      0x189 ./Core/Src/AMT.o
 .debug_macro   0x0001e78e       0x5c ./Core/Src/AMT.o
 .debug_macro   0x0001e7ea     0x171f ./Core/Src/AMT.o
 .debug_macro   0x0001ff09      0x600 ./Core/Src/AMT.o
 .debug_macro   0x00020509      0x1b6 ./Core/Src/AMT.o
 .debug_macro   0x000206bf      0x34a ./Core/Src/AMT.o
 .debug_macro   0x00020a09      0x53c ./Core/Src/AMT.o
 .debug_macro   0x00020f45      0x18b ./Core/Src/AMT.o
 .debug_macro   0x000210d0       0x43 ./Core/Src/AMT.o
 .debug_macro   0x00021113      0x23d ./Core/Src/AMT.o
 .debug_macro   0x00021350      0x211 ./Core/Src/AMT.o
 .debug_macro   0x00021561      0x45c ./Core/Src/AMT.o
 .debug_macro   0x000219bd      0x11c ./Core/Src/AMT.o
 .debug_macro   0x00021ad9      0x122 ./Core/Src/AMT.o
 .debug_macro   0x00021bfb      0x3d1 ./Core/Src/AMT.o
 .debug_macro   0x00021fcc      0xc0b ./Core/Src/AMT.o
 .debug_macro   0x00022bd7      0x718 ./Core/Src/AMT.o
 .debug_macro   0x000232ef      0x693 ./Core/Src/AMT.o
 .debug_macro   0x00023982       0xa6 ./Core/Src/AMT.o
 .debug_macro   0x00023a28      0x358 ./Core/Src/AMT.o
 .debug_macro   0x00023d80       0x5e ./Core/Src/AMT.o
 .debug_macro   0x00023dde      0x2ed ./Core/Src/kall.o
 .debug_macro   0x000240cb       0x61 ./Core/Src/kall.o
 .debug_macro   0x0002412c       0x2a ./Core/Src/kall.o
 .debug_macro   0x00024156       0x43 ./Core/Src/kall.o
 .debug_macro   0x00024199       0x34 ./Core/Src/kall.o
 .debug_macro   0x000241cd       0x16 ./Core/Src/kall.o
 .debug_macro   0x000241e3       0x43 ./Core/Src/kall.o
 .debug_macro   0x00024226       0x34 ./Core/Src/kall.o
 .debug_macro   0x0002425a       0x10 ./Core/Src/kall.o
 .debug_macro   0x0002426a       0x58 ./Core/Src/kall.o
 .debug_macro   0x000242c2       0x8e ./Core/Src/kall.o
 .debug_macro   0x00024350       0x1c ./Core/Src/kall.o
 .debug_macro   0x0002436c      0x177 ./Core/Src/kall.o
 .debug_macro   0x000244e3      0x369 ./Core/Src/kall.o
 .debug_macro   0x0002484c       0x10 ./Core/Src/kall.o
 .debug_macro   0x0002485c       0x35 ./Core/Src/kall.o
 .debug_macro   0x00024891       0x20 ./Core/Src/kall.o
 .debug_macro   0x000248b1       0x16 ./Core/Src/kall.o
 .debug_macro   0x000248c7       0x16 ./Core/Src/kall.o
 .debug_macro   0x000248dd       0x29 ./Core/Src/kall.o
 .debug_macro   0x00024906       0x64 ./Core/Src/kall.o
 .debug_macro   0x0002496a      0x305 ./Core/Src/main.o
 .debug_macro   0x00024c6f      0x2f6 ./Core/Src/maxtrix.o
 .debug_macro   0x00024f65      0x19b ./Core/Src/maxtrix.o
 .debug_macro   0x00025100      0x1dd ./Core/Src/stm32g4xx_hal_msp.o
 .debug_macro   0x000252dd      0x1e7 ./Core/Src/stm32g4xx_it.o
 .debug_macro   0x000254c4      0x1ce ./Core/Src/system_stm32g4xx.o
 .debug_macro   0x00025692      0x21c ./Drivers/STM32G4xx_HAL_Driver/Src/stm32g4xx_hal.o
 .debug_macro   0x000258ae      0x1ce ./Drivers/STM32G4xx_HAL_Driver/Src/stm32g4xx_hal_cortex.o
 .debug_macro   0x00025a7c      0x1d5 ./Drivers/STM32G4xx_HAL_Driver/Src/stm32g4xx_hal_gpio.o
 .debug_macro   0x00025c51      0x1f8 ./Drivers/STM32G4xx_HAL_Driver/Src/stm32g4xx_hal_pwr_ex.o
 .debug_macro   0x00025e49      0x210 ./Drivers/STM32G4xx_HAL_Driver/Src/stm32g4xx_hal_rcc.o
 .debug_macro   0x00026059      0x1f8 ./Drivers/STM32G4xx_HAL_Driver/Src/stm32g4xx_hal_rcc_ex.o
 .debug_macro   0x00026251      0x1d6 ./Drivers/STM32G4xx_HAL_Driver/Src/stm32g4xx_hal_tim.o
 .debug_macro   0x00026427      0x1d4 ./Drivers/STM32G4xx_HAL_Driver/Src/stm32g4xx_hal_tim_ex.o
 .debug_macro   0x000265fb      0x1f9 ./Drivers/STM32G4xx_HAL_Driver/Src/stm32g4xx_hal_uart.o
 .debug_macro   0x000267f4      0x1da ./Drivers/STM32G4xx_HAL_Driver/Src/stm32g4xx_hal_uart_ex.o

.debug_line     0x00000000    0x1441b
 .debug_line    0x00000000      0x81b ./Core/Src/AMT.o
 .debug_line    0x0000081b      0xae5 ./Core/Src/kall.o
 .debug_line    0x00001300      0xb20 ./Core/Src/main.o
 .debug_line    0x00001e20      0xe6e ./Core/Src/maxtrix.o
 .debug_line    0x00002c8e      0x850 ./Core/Src/stm32g4xx_hal_msp.o
 .debug_line    0x000034de      0x844 ./Core/Src/stm32g4xx_it.o
 .debug_line    0x00003d22      0x7d6 ./Core/Src/system_stm32g4xx.o
 .debug_line    0x000044f8       0x7b ./Core/Startup/startup_stm32g474retx.o
 .debug_line    0x00004573      0xb92 ./Drivers/STM32G4xx_HAL_Driver/Src/stm32g4xx_hal.o
 .debug_line    0x00005105      0xcfb ./Drivers/STM32G4xx_HAL_Driver/Src/stm32g4xx_hal_cortex.o
 .debug_line    0x00005e00      0xbab ./Drivers/STM32G4xx_HAL_Driver/Src/stm32g4xx_hal_gpio.o
 .debug_line    0x000069ab      0xd01 ./Drivers/STM32G4xx_HAL_Driver/Src/stm32g4xx_hal_pwr_ex.o
 .debug_line    0x000076ac      0xf5d ./Drivers/STM32G4xx_HAL_Driver/Src/stm32g4xx_hal_rcc.o
 .debug_line    0x00008609     0x126d ./Drivers/STM32G4xx_HAL_Driver/Src/stm32g4xx_hal_rcc_ex.o
 .debug_line    0x00009876     0x4052 ./Drivers/STM32G4xx_HAL_Driver/Src/stm32g4xx_hal_tim.o
 .debug_line    0x0000d8c8     0x2195 ./Drivers/STM32G4xx_HAL_Driver/Src/stm32g4xx_hal_tim_ex.o
 .debug_line    0x0000fa5d     0x3c06 ./Drivers/STM32G4xx_HAL_Driver/Src/stm32g4xx_hal_uart.o
 .debug_line    0x00013663      0xdb8 ./Drivers/STM32G4xx_HAL_Driver/Src/stm32g4xx_hal_uart_ex.o

.debug_str      0x00000000    0xfbbd9
 .debug_str     0x00000000    0xf2e1a ./Core/Src/AMT.o
                              0xf3193 (size before relaxing)
 .debug_str     0x000f2e1a     0x3617 ./Core/Src/kall.o
                              0xf6002 (size before relaxing)
 .debug_str     0x000f6431      0xf3f ./Core/Src/main.o
                              0xf73ca (size before relaxing)
 .debug_str     0x000f7370      0x855 ./Core/Src/maxtrix.o
                              0xf64f5 (size before relaxing)
 .debug_str     0x000f7bc5      0x2db ./Core/Src/stm32g4xx_hal_msp.o
                              0xf3744 (size before relaxing)
 .debug_str     0x000f7ea0       0xf7 ./Core/Src/stm32g4xx_it.o
                              0xf2ab6 (size before relaxing)
 .debug_str     0x000f7f97       0xdb ./Core/Src/system_stm32g4xx.o
                              0xf2a96 (size before relaxing)
 .debug_str     0x000f8072       0x44 ./Core/Startup/startup_stm32g474retx.o
                                 0x7e (size before relaxing)
 .debug_str     0x000f80b6      0x5e1 ./Drivers/STM32G4xx_HAL_Driver/Src/stm32g4xx_hal.o
                              0xf37a8 (size before relaxing)
 .debug_str     0x000f8697      0x327 ./Drivers/STM32G4xx_HAL_Driver/Src/stm32g4xx_hal_cortex.o
                              0xf342c (size before relaxing)
 .debug_str     0x000f89be      0x101 ./Drivers/STM32G4xx_HAL_Driver/Src/stm32g4xx_hal_gpio.o
                              0xf2c21 (size before relaxing)
 .debug_str     0x000f8abf      0x4a5 ./Drivers/STM32G4xx_HAL_Driver/Src/stm32g4xx_hal_pwr_ex.o
                              0xf2f84 (size before relaxing)
 .debug_str     0x000f8f64      0x506 ./Drivers/STM32G4xx_HAL_Driver/Src/stm32g4xx_hal_rcc.o
                              0xf31b5 (size before relaxing)
 .debug_str     0x000f946a      0x40b ./Drivers/STM32G4xx_HAL_Driver/Src/stm32g4xx_hal_rcc_ex.o
                              0xf31df (size before relaxing)
 .debug_str     0x000f9875      0xe26 ./Drivers/STM32G4xx_HAL_Driver/Src/stm32g4xx_hal_tim.o
                              0xf3f94 (size before relaxing)
 .debug_str     0x000fa69b      0x907 ./Drivers/STM32G4xx_HAL_Driver/Src/stm32g4xx_hal_tim_ex.o
                              0xf3c08 (size before relaxing)
 .debug_str     0x000fafa2      0x9d3 ./Drivers/STM32G4xx_HAL_Driver/Src/stm32g4xx_hal_uart.o
                              0xf3a51 (size before relaxing)
 .debug_str     0x000fb975      0x264 ./Drivers/STM32G4xx_HAL_Driver/Src/stm32g4xx_hal_uart_ex.o
                              0xf324f (size before relaxing)

.comment        0x00000000       0x43
 .comment       0x00000000       0x43 ./Core/Src/AMT.o
                                 0x44 (size before relaxing)
 .comment       0x00000043       0x44 ./Core/Src/kall.o
 .comment       0x00000043       0x44 ./Core/Src/main.o
 .comment       0x00000043       0x44 ./Core/Src/maxtrix.o
 .comment       0x00000043       0x44 ./Core/Src/stm32g4xx_hal_msp.o
 .comment       0x00000043       0x44 ./Core/Src/stm32g4xx_it.o
 .comment       0x00000043       0x44 ./Core/Src/system_stm32g4xx.o
 .comment       0x00000043       0x44 ./Drivers/STM32G4xx_HAL_Driver/Src/stm32g4xx_hal.o
 .comment       0x00000043       0x44 ./Drivers/STM32G4xx_HAL_Driver/Src/stm32g4xx_hal_cortex.o
 .comment       0x00000043       0x44 ./Drivers/STM32G4xx_HAL_Driver/Src/stm32g4xx_hal_gpio.o
 .comment       0x00000043       0x44 ./Drivers/STM32G4xx_HAL_Driver/Src/stm32g4xx_hal_pwr_ex.o
 .comment       0x00000043       0x44 ./Drivers/STM32G4xx_HAL_Driver/Src/stm32g4xx_hal_rcc.o
 .comment       0x00000043       0x44 ./Drivers/STM32G4xx_HAL_Driver/Src/stm32g4xx_hal_rcc_ex.o
 .comment       0x00000043       0x44 ./Drivers/STM32G4xx_HAL_Driver/Src/stm32g4xx_hal_tim.o
 .comment       0x00000043       0x44 ./Drivers/STM32G4xx_HAL_Driver/Src/stm32g4xx_hal_tim_ex.o
 .comment       0x00000043       0x44 ./Drivers/STM32G4xx_HAL_Driver/Src/stm32g4xx_hal_uart.o
 .comment       0x00000043       0x44 ./Drivers/STM32G4xx_HAL_Driver/Src/stm32g4xx_hal_uart_ex.o

.debug_frame    0x00000000     0x4d88
 .debug_frame   0x00000000       0x88 ./Core/Src/AMT.o
 .debug_frame   0x00000088      0x1c8 ./Core/Src/kall.o
 .debug_frame   0x00000250      0x154 ./Core/Src/main.o
 .debug_frame   0x000003a4      0x160 ./Core/Src/maxtrix.o
 .debug_frame   0x00000504      0x118 ./Core/Src/stm32g4xx_hal_msp.o
 .debug_frame   0x0000061c      0x120 ./Core/Src/stm32g4xx_it.o
 .debug_frame   0x0000073c       0x58 ./Core/Src/system_stm32g4xx.o
 .debug_frame   0x00000794      0x500 ./Drivers/STM32G4xx_HAL_Driver/Src/stm32g4xx_hal.o
 .debug_frame   0x00000c94      0x498 ./Drivers/STM32G4xx_HAL_Driver/Src/stm32g4xx_hal_cortex.o
 .debug_frame   0x0000112c      0x14c ./Drivers/STM32G4xx_HAL_Driver/Src/stm32g4xx_hal_gpio.o
 .debug_frame   0x00001278      0x4fc ./Drivers/STM32G4xx_HAL_Driver/Src/stm32g4xx_hal_pwr_ex.o
 .debug_frame   0x00001774      0x23c ./Drivers/STM32G4xx_HAL_Driver/Src/stm32g4xx_hal_rcc.o
 .debug_frame   0x000019b0      0x2ac ./Drivers/STM32G4xx_HAL_Driver/Src/stm32g4xx_hal_rcc_ex.o
 .debug_frame   0x00001c5c     0x1220 ./Drivers/STM32G4xx_HAL_Driver/Src/stm32g4xx_hal_tim.o
 .debug_frame   0x00002e7c      0xa70 ./Drivers/STM32G4xx_HAL_Driver/Src/stm32g4xx_hal_tim_ex.o
 .debug_frame   0x000038ec      0xa94 ./Drivers/STM32G4xx_HAL_Driver/Src/stm32g4xx_hal_uart.o
 .debug_frame   0x00004380      0x2c0 ./Drivers/STM32G4xx_HAL_Driver/Src/stm32g4xx_hal_uart_ex.o
 .debug_frame   0x00004640      0x144 C:/ST/STM32CubeIDE_1.13.2/STM32CubeIDE/plugins/com.st.stm32cube.ide.mcu.externaltools.gnu-tools-for-stm32.12.3.rel1.win32_1.0.100.202403111256/tools/bin/../lib/gcc/arm-none-eabi/12.3.1/../../../../arm-none-eabi/lib/thumb/v7e-m+fp/hard\libc_nano.a(libc_a-findfp.o)
 .debug_frame   0x00004784       0x20 C:/ST/STM32CubeIDE_1.13.2/STM32CubeIDE/plugins/com.st.stm32cube.ide.mcu.externaltools.gnu-tools-for-stm32.12.3.rel1.win32_1.0.100.202403111256/tools/bin/../lib/gcc/arm-none-eabi/12.3.1/../../../../arm-none-eabi/lib/thumb/v7e-m+fp/hard\libc_nano.a(libc_a-memset.o)
 .debug_frame   0x000047a4       0x20 C:/ST/STM32CubeIDE_1.13.2/STM32CubeIDE/plugins/com.st.stm32cube.ide.mcu.externaltools.gnu-tools-for-stm32.12.3.rel1.win32_1.0.100.202403111256/tools/bin/../lib/gcc/arm-none-eabi/12.3.1/../../../../arm-none-eabi/lib/thumb/v7e-m+fp/hard\libc_nano.a(libc_a-errno.o)
 .debug_frame   0x000047c4       0x2c C:/ST/STM32CubeIDE_1.13.2/STM32CubeIDE/plugins/com.st.stm32cube.ide.mcu.externaltools.gnu-tools-for-stm32.12.3.rel1.win32_1.0.100.202403111256/tools/bin/../lib/gcc/arm-none-eabi/12.3.1/../../../../arm-none-eabi/lib/thumb/v7e-m+fp/hard\libc_nano.a(libc_a-init.o)
 .debug_frame   0x000047f0       0x28 C:/ST/STM32CubeIDE_1.13.2/STM32CubeIDE/plugins/com.st.stm32cube.ide.mcu.externaltools.gnu-tools-for-stm32.12.3.rel1.win32_1.0.100.202403111256/tools/bin/../lib/gcc/arm-none-eabi/12.3.1/../../../../arm-none-eabi/lib/thumb/v7e-m+fp/hard\libc_nano.a(libc_a-memcpy-stub.o)
 .debug_frame   0x00004818       0x44 C:/ST/STM32CubeIDE_1.13.2/STM32CubeIDE/plugins/com.st.stm32cube.ide.mcu.externaltools.gnu-tools-for-stm32.12.3.rel1.win32_1.0.100.202403111256/tools/bin/../lib/gcc/arm-none-eabi/12.3.1/../../../../arm-none-eabi/lib/thumb/v7e-m+fp/hard\libm.a(libm_a-w_pow.o)
 .debug_frame   0x0000485c       0x28 C:/ST/STM32CubeIDE_1.13.2/STM32CubeIDE/plugins/com.st.stm32cube.ide.mcu.externaltools.gnu-tools-for-stm32.12.3.rel1.win32_1.0.100.202403111256/tools/bin/../lib/gcc/arm-none-eabi/12.3.1/../../../../arm-none-eabi/lib/thumb/v7e-m+fp/hard\libm.a(libm_a-s_finite.o)
 .debug_frame   0x00004884       0x78 C:/ST/STM32CubeIDE_1.13.2/STM32CubeIDE/plugins/com.st.stm32cube.ide.mcu.externaltools.gnu-tools-for-stm32.12.3.rel1.win32_1.0.100.202403111256/tools/bin/../lib/gcc/arm-none-eabi/12.3.1/../../../../arm-none-eabi/lib/thumb/v7e-m+fp/hard\libm.a(libm_a-e_pow.o)
 .debug_frame   0x000048fc       0x20 C:/ST/STM32CubeIDE_1.13.2/STM32CubeIDE/plugins/com.st.stm32cube.ide.mcu.externaltools.gnu-tools-for-stm32.12.3.rel1.win32_1.0.100.202403111256/tools/bin/../lib/gcc/arm-none-eabi/12.3.1/../../../../arm-none-eabi/lib/thumb/v7e-m+fp/hard\libm.a(libm_a-s_fabs.o)
 .debug_frame   0x0000491c       0x2c C:/ST/STM32CubeIDE_1.13.2/STM32CubeIDE/plugins/com.st.stm32cube.ide.mcu.externaltools.gnu-tools-for-stm32.12.3.rel1.win32_1.0.100.202403111256/tools/bin/../lib/gcc/arm-none-eabi/12.3.1/../../../../arm-none-eabi/lib/thumb/v7e-m+fp/hard\libm.a(libm_a-s_scalbn.o)
 .debug_frame   0x00004948      0x158 C:/ST/STM32CubeIDE_1.13.2/STM32CubeIDE/plugins/com.st.stm32cube.ide.mcu.externaltools.gnu-tools-for-stm32.12.3.rel1.win32_1.0.100.202403111256/tools/bin/../lib/gcc/arm-none-eabi/12.3.1/../../../../arm-none-eabi/lib/thumb/v7e-m+fp/hard\libm.a(libm_a-math_err.o)
 .debug_frame   0x00004aa0       0x38 C:/ST/STM32CubeIDE_1.13.2/STM32CubeIDE/plugins/com.st.stm32cube.ide.mcu.externaltools.gnu-tools-for-stm32.12.3.rel1.win32_1.0.100.202403111256/tools/bin/../lib/gcc/arm-none-eabi/12.3.1/../../../../arm-none-eabi/lib/thumb/v7e-m+fp/hard\libm.a(libm_a-e_sqrt.o)
 .debug_frame   0x00004ad8       0xac C:/ST/STM32CubeIDE_1.13.2/STM32CubeIDE/plugins/com.st.stm32cube.ide.mcu.externaltools.gnu-tools-for-stm32.12.3.rel1.win32_1.0.100.202403111256/tools/bin/../lib/gcc/arm-none-eabi/12.3.1/thumb/v7e-m+fp/hard\libgcc.a(_arm_addsubdf3.o)
 .debug_frame   0x00004b84       0x50 C:/ST/STM32CubeIDE_1.13.2/STM32CubeIDE/plugins/com.st.stm32cube.ide.mcu.externaltools.gnu-tools-for-stm32.12.3.rel1.win32_1.0.100.202403111256/tools/bin/../lib/gcc/arm-none-eabi/12.3.1/thumb/v7e-m+fp/hard\libgcc.a(_arm_muldivdf3.o)
 .debug_frame   0x00004bd4       0xc4 C:/ST/STM32CubeIDE_1.13.2/STM32CubeIDE/plugins/com.st.stm32cube.ide.mcu.externaltools.gnu-tools-for-stm32.12.3.rel1.win32_1.0.100.202403111256/tools/bin/../lib/gcc/arm-none-eabi/12.3.1/thumb/v7e-m+fp/hard\libgcc.a(_arm_cmpdf2.o)
 .debug_frame   0x00004c98       0x20 C:/ST/STM32CubeIDE_1.13.2/STM32CubeIDE/plugins/com.st.stm32cube.ide.mcu.externaltools.gnu-tools-for-stm32.12.3.rel1.win32_1.0.100.202403111256/tools/bin/../lib/gcc/arm-none-eabi/12.3.1/thumb/v7e-m+fp/hard\libgcc.a(_arm_unorddf2.o)
 .debug_frame   0x00004cb8       0x24 C:/ST/STM32CubeIDE_1.13.2/STM32CubeIDE/plugins/com.st.stm32cube.ide.mcu.externaltools.gnu-tools-for-stm32.12.3.rel1.win32_1.0.100.202403111256/tools/bin/../lib/gcc/arm-none-eabi/12.3.1/thumb/v7e-m+fp/hard\libgcc.a(_arm_truncdfsf2.o)
 .debug_frame   0x00004cdc       0x4c C:/ST/STM32CubeIDE_1.13.2/STM32CubeIDE/plugins/com.st.stm32cube.ide.mcu.externaltools.gnu-tools-for-stm32.12.3.rel1.win32_1.0.100.202403111256/tools/bin/../lib/gcc/arm-none-eabi/12.3.1/thumb/v7e-m+fp/hard\libgcc.a(_arm_addsubsf3.o)
 .debug_frame   0x00004d28       0x2c C:/ST/STM32CubeIDE_1.13.2/STM32CubeIDE/plugins/com.st.stm32cube.ide.mcu.externaltools.gnu-tools-for-stm32.12.3.rel1.win32_1.0.100.202403111256/tools/bin/../lib/gcc/arm-none-eabi/12.3.1/thumb/v7e-m+fp/hard\libgcc.a(_aeabi_uldivmod.o)
 .debug_frame   0x00004d54       0x34 C:/ST/STM32CubeIDE_1.13.2/STM32CubeIDE/plugins/com.st.stm32cube.ide.mcu.externaltools.gnu-tools-for-stm32.12.3.rel1.win32_1.0.100.202403111256/tools/bin/../lib/gcc/arm-none-eabi/12.3.1/thumb/v7e-m+fp/hard\libgcc.a(_udivmoddi4.o)

.debug_line_str
                0x00000000       0x62
 .debug_line_str
                0x00000000       0x62 ./Core/Startup/startup_stm32g474retx.o
